Component: ARM Compiler 5.05 update 1 (build 106) Tool: armlink [4d0efa]

==============================================================================

Section Cross References

    main.o(i.DHT11_task) refers to os_time.o(i.OSTimeDlyHMSM) for OSTimeDlyHMSM
    main.o(i.DRIVE_task) refers to os_task.o(i.OSTaskSuspend) for OSTaskSuspend
    main.o(i.HC_SR501_task) refers to os_time.o(i.OSTimeDlyHMSM) for OSTimeDlyHMSM
    main.o(i.Key_task) refers to os_time.o(i.OSTimeDlyHMSM) for OSTimeDlyHMSM
    main.o(i.UART_SEND_task) refers to os_q.o(i.OSQPend) for OSQPend
    main.o(i.UART_SEND_task) refers to printfa.o(i.__0sprintf) for __2sprintf
    main.o(i.UART_SEND_task) refers to stm32f10x_dma.o(i.DMA_GetFlagStatus) for DMA_GetFlagStatus
    main.o(i.UART_SEND_task) refers to stm32f10x_dma.o(i.DMA_ClearFlag) for DMA_ClearFlag
    main.o(i.UART_SEND_task) refers to stm32f10x_usart.o(i.USART_DMACmd) for USART_DMACmd
    main.o(i.UART_SEND_task) refers to dma.o(i.MYDMA_Enable) for MYDMA_Enable
    main.o(i.UART_SEND_task) refers to main.o(.data) for q_msg
    main.o(i.UART_SEND_task) refers to main.o(.bss) for SendBuff
    main.o(i.main) refers to misc.o(i.NVIC_PriorityGroupConfig) for NVIC_PriorityGroupConfig
    main.o(i.main) refers to delay.o(i.delay_init) for delay_init
    main.o(i.main) refers to usart.o(i.uart_init) for uart_init
    main.o(i.main) refers to usart2.o(i.uart2_init) for uart2_init
    main.o(i.main) refers to os_sem.o(i.OSSemCreate) for OSSemCreate
    main.o(i.main) refers to os_core.o(i.OSInit) for OSInit
    main.o(i.main) refers to os_task.o(i.OSTaskCreate) for OSTaskCreate
    main.o(i.main) refers to os_core.o(i.OSStart) for OSStart
    main.o(i.main) refers to sem.o(.data) for readBuf
    main.o(i.main) refers to main.o(.bss) for START_TASK_STK
    main.o(i.main) refers to main.o(i.start_task) for start_task
    main.o(i.start_task) refers to timer.o(i.EXTIX_Init) for EXTIX_Init
    main.o(i.start_task) refers to oled.o(i.OLED_Init) for OLED_Init
    main.o(i.start_task) refers to oled.o(i.OLED_Clear) for OLED_Clear
    main.o(i.start_task) refers to usart2.o(i.initCom) for initCom
    main.o(i.start_task) refers to usart2.o(i.initUartBuff) for initUartBuff
    main.o(i.start_task) refers to os_cpu_a.o(.text) for OS_CPU_SR_Save
    main.o(i.start_task) refers to os_task.o(i.OSTaskCreate) for OSTaskCreate
    main.o(i.start_task) refers to os_task.o(i.OSTaskSuspend) for OSTaskSuspend
    main.o(i.start_task) refers to printfa.o(i.__0printf) for __2printf
    main.o(i.start_task) refers to udp.o(.data) for Com
    main.o(i.start_task) refers to usart2.o(.bss) for Buf
    main.o(i.start_task) refers to pulse.o(.bss) for pulse_TASK_STK
    main.o(i.start_task) refers to pulse.o(i.pulse_task) for pulse_task
    main.o(i.start_task) refers to taskreadbuf.o(.bss) for readbuf_TASK_STK
    main.o(i.start_task) refers to taskreadbuf.o(i.readbuf_task) for readbuf_task
    main.o(i.start_task) refers to taskoled.o(.bss) for OLED_TASK_STK
    main.o(i.start_task) refers to taskoled.o(i.OLED_task) for OLED_task
    system_stm32f10x.o(i.SetSysClock) refers to system_stm32f10x.o(i.SetSysClockTo72) for SetSysClockTo72
    system_stm32f10x.o(i.SystemCoreClockUpdate) refers to system_stm32f10x.o(.data) for SystemCoreClock
    system_stm32f10x.o(i.SystemInit) refers to system_stm32f10x.o(i.SetSysClock) for SetSysClock
    led.o(i.LED_Init) refers to stm32f10x_rcc.o(i.RCC_APB2PeriphClockCmd) for RCC_APB2PeriphClockCmd
    led.o(i.LED_Init) refers to stm32f10x_gpio.o(i.GPIO_Init) for GPIO_Init
    led.o(i.LED_Init) refers to stm32f10x_gpio.o(i.GPIO_SetBits) for GPIO_SetBits
    udp.o(i.ReadResponseTimeOut) refers to delay.o(i.delay_ms) for delay_ms
    udp.o(i.agreementSend) refers to os_sem.o(i.OSSemPend) for OSSemPend
    udp.o(i.agreementSend) refers to usart.o(i.UartSend) for UartSend
    udp.o(i.agreementSend) refers to checkway.o(i.BCC_CheckOut) for BCC_CheckOut
    udp.o(i.agreementSend) refers to os_sem.o(i.OSSemPost) for OSSemPost
    udp.o(i.agreementSend) refers to sem.o(.data) for readBuf
    udp.o(i.agreementSend) refers to agreement.o(.constdata) for datahead
    udp.o(i.agreementSend) refers to agreement.o(.data) for waterType
    udp.o(i.agreementSend) refers to udp.o(.data) for ThisSendTimes
    udp.o(i.initCmd) refers to udp.o(.data) for AT_CMD
    udp.o(i.isSign) refers to udp.o(i.u2_OutCmd) for u2_OutCmd
    udp.o(i.isSign) refers to udp.o(i.ReadResponseTimeOut) for ReadResponseTimeOut
    udp.o(i.isSign) refers to udp.o(.constdata) for AT
    udp.o(i.isSign) refers to udp.o(.data) for AT_CMD
    udp.o(i.u2_OutCmd) refers to os_sem.o(i.OSSemPend) for OSSemPend
    udp.o(i.u2_OutCmd) refers to usart2.o(i.u2_printf) for u2_printf
    udp.o(i.u2_OutCmd) refers to os_sem.o(i.OSSemPost) for OSSemPost
    udp.o(i.u2_OutCmd) refers to sem.o(.data) for readBuf
    udp.o(i.u2_OutCmd) refers to udp.o(.constdata) for certain
    udp.o(i.udpConnect) refers to usart2.o(i.u2_printf) for u2_printf
[...]
    ../clib/microlib/init/entry.s            0x00000000   Number         0  entry.o ABSOLUTE
    ../clib/microlib/init/entry.s            0x00000000   Number         0  entry9b.o ABSOLUTE
    ../clib/microlib/init/entry.s            0x00000000   Number         0  entry7b.o ABSOLUTE
    ../clib/microlib/init/entry.s            0x00000000   Number         0  entry8b.o ABSOLUTE
    ../clib/microlib/init/entry.s            0x00000000   Number         0  entry8a.o ABSOLUTE
    ../clib/microlib/init/entry.s            0x00000000   Number         0  entry2.o ABSOLUTE
    ../clib/microlib/init/entry.s            0x00000000   Number         0  entry11b.o ABSOLUTE
    ../clib/microlib/init/entry.s            0x00000000   Number         0  entry7a.o ABSOLUTE
    ../clib/microlib/init/entry.s            0x00000000   Number         0  entry9a.o ABSOLUTE
    ../clib/microlib/longlong.c              0x00000000   Number         0  llsshr.o ABSOLUTE
    ../clib/microlib/longlong.c              0x00000000   Number         0  llushr.o ABSOLUTE
    ../clib/microlib/longlong.c              0x00000000   Number         0  llshl.o ABSOLUTE
    ../clib/microlib/printf/printf.c         0x00000000   Number         0  printf1.o ABSOLUTE
    ../clib/microlib/printf/printf.c         0x00000000   Number         0  printf3.o ABSOLUTE
    ../clib/microlib/printf/printf.c         0x00000000   Number         0  printf4.o ABSOLUTE
    ../clib/microlib/printf/printf.c         0x00000000   Number         0  printf8.o ABSOLUTE
    ../clib/microlib/printf/printf.c         0x00000000   Number         0  printf5.o ABSOLUTE
    ../clib/microlib/printf/printf.c         0x00000000   Number         0  printfa.o ABSOLUTE
    ../clib/microlib/printf/printf.c         0x00000000   Number         0  printf2.o ABSOLUTE
    ../clib/microlib/printf/printf.c         0x00000000   Number         0  printfb.o ABSOLUTE
    ../clib/microlib/printf/printf.c         0x00000000   Number         0  printf7.o ABSOLUTE
    ../clib/microlib/printf/printf.c         0x00000000   Number         0  printf6.o ABSOLUTE
    ../clib/microlib/printf/printf.c         0x00000000   Number         0  printf0.o ABSOLUTE
    ../clib/microlib/printf/stubs.s          0x00000000   Number         0  stubs.o ABSOLUTE
    ../clib/microlib/string/memcpy.c         0x00000000   Number         0  memcpya.o ABSOLUTE
    ../clib/microlib/string/memcpy.c         0x00000000   Number         0  memcpyb.o ABSOLUTE
    ../clib/microlib/string/memset.c         0x00000000   Number         0  memseta.o ABSOLUTE
    ../clib/microlib/string/strcmp.c         0x00000000   Number         0  strcmp.o ABSOLUTE
    ../clib/microlib/string/strlen.c         0x00000000   Number         0  strlen.o ABSOLUTE
    ../clib/microlib/stubs.s                 0x00000000   Number         0  useno.o ABSOLUTE
    ../clib/microlib/stubs.s                 0x00000000   Number         0  iusefp.o ABSOLUTE
    ../fplib/microlib/f2d.c                  0x00000000   Number         0  f2d.o ABSOLUTE
    ../fplib/microlib/fpadd.c                0x00000000   Number         0  dadd.o ABSOLUTE
    ../fplib/microlib/fpdiv.c                0x00000000   Number         0  ddiv.o ABSOLUTE
    ../fplib/microlib/fpepilogue.c           0x00000000   Number         0  depilogue.o ABSOLUTE
    ../fplib/microlib/fpfix.c                0x00000000   Number         0  dfixul.o ABSOLUTE
    ../fplib/microlib/fpmul.c                0x00000000   Number         0  dmul.o ABSOLUTE
    ..\CORE\core_cm3.c                       0x00000000   Number         0  core_cm3.o ABSOLUTE
    ..\CORE\startup_stm32f10x_hd.s           0x00000000   Number         0  startup_stm32f10x_hd.o ABSOLUTE
    ..\DRIVE\dma.c                           0x00000000   Number         0  dma.o ABSOLUTE
    ..\DRIVE\timer.c                         0x00000000   Number         0  timer.o ABSOLUTE
    ..\HARDWARE\CheckWay\checkway.c          0x00000000   Number         0  checkway.o ABSOLUTE
    ..\HARDWARE\LED\led.c                    0x00000000   Number         0  led.o ABSOLUTE
    ..\HARDWARE\OLED\oled.c                  0x00000000   Number         0  oled.o ABSOLUTE
    ..\HARDWARE\SEM\sem.c                    0x00000000   Number         0  sem.o ABSOLUTE
    ..\HARDWARE\UDP\udp.c                    0x00000000   Number         0  udp.o ABSOLUTE
    ..\HARDWARE\waterAgreement\waterAgreement.c 0x00000000   Number         0  wateragreement.o ABSOLUTE
    ..\MALLOC\malloc.c                       0x00000000   Number         0  malloc.o ABSOLUTE
    ..\STM32F10x_FWLib\src\misc.c            0x00000000   Number         0  misc.o ABSOLUTE
    ..\STM32F10x_FWLib\src\stm32f10x_dbgmcu.c 0x00000000   Number         0  stm32f10x_dbgmcu.o ABSOLUTE
    ..\STM32F10x_FWLib\src\stm32f10x_dma.c   0x00000000   Number         0  stm32f10x_dma.o ABSOLUTE
    ..\STM32F10x_FWLib\src\stm32f10x_exti.c  0x00000000   Number         0  stm32f10x_exti.o ABSOLUTE
    ..\STM32F10x_FWLib\src\stm32f10x_gpio.c  0x00000000   Number         0  stm32f10x_gpio.o ABSOLUTE
    ..\STM32F10x_FWLib\src\stm32f10x_rcc.c   0x00000000   Number         0  stm32f10x_rcc.o ABSOLUTE
    ..\STM32F10x_FWLib\src\stm32f10x_tim.c   0x00000000   Number         0  stm32f10x_tim.o ABSOLUTE
    ..\STM32F10x_FWLib\src\stm32f10x_usart.c 0x00000000   Number         0  stm32f10x_usart.o ABSOLUTE
    ..\SYSTEM\delay\delay.c                  0x00000000   Number         0  delay.o ABSOLUTE
    ..\SYSTEM\sys\sys.c                      0x00000000   Number         0  sys.o ABSOLUTE
    ..\SYSTEM\usart\usart.c                  0x00000000   Number         0  usart.o ABSOLUTE
    ..\SYSTEM\usart\usart2.c                 0x00000000   Number         0  usart2.o ABSOLUTE
    ..\TASK\Agreement\agreement.c            0x00000000   Number         0  agreement.o ABSOLUTE
    ..\TASK\OLEDTask\TaskOLED.c              0x00000000   Number         0  taskoled.o ABSOLUTE
    ..\TASK\Taskreadbuf\Taskreadbuf.c        0x00000000   Number         0  taskreadbuf.o ABSOLUTE
    ..\TASK\pulse\pulse.c                    0x00000000   Number         0  pulse.o ABSOLUTE
    ..\UCOSII\CORE\os_core.c                 0x00000000   Number         0  os_core.o ABSOLUTE
    ..\UCOSII\CORE\os_flag.c                 0x00000000   Number         0  os_flag.o ABSOLUTE
    ..\UCOSII\CORE\os_mbox.c                 0x00000000   Number         0  os_mbox.o ABSOLUTE
    ..\UCOSII\CORE\os_mem.c                  0x00000000   Number         0  os_mem.o ABSOLUTE
    ..\UCOSII\CORE\os_mutex.c                0x00000000   Number         0  os_mutex.o ABSOLUTE
    ..\UCOSII\CORE\os_q.c                    0x00000000   Number         0  os_q.o ABSOLUTE
    ..\UCOSII\CORE\os_sem.c                  0x00000000   Number         0  os_sem.o ABSOLUTE
    ..\UCOSII\CORE\os_task.c                 0x00000000   Number         0  os_task.o ABSOLUTE
    ..\UCOSII\CORE\os_time.c                 0x00000000   Number         0  os_time.o ABSOLUTE
    ..\UCOSII\CORE\os_tmr.c                  0x00000000   Number         0  os_tmr.o ABSOLUTE
    ..\UCOSII\PORT\os_cpu_a.asm              0x00000000   Number         0  os_cpu_a.o ABSOLUTE
    ..\UCOSII\PORT\os_cpu_c.c                0x00000000   Number         0  os_cpu_c.o ABSOLUTE
    ..\\CORE\\core_cm3.c                     0x00000000   Number         0  core_cm3.o ABSOLUTE
    ..\\SYSTEM\\sys\\sys.c                   0x00000000   Number         0  sys.o ABSOLUTE
    cdrcmple.s                               0x00000000   Number         0  cdrcmple.o ABSOLUTE
    dc.s                                     0x00000000   Number         0  dc.o ABSOLUTE
    handlers.s                               0x00000000   Number         0  handlers.o ABSOLUTE
    init.s                                   0x00000000   Number         0  init.o ABSOLUTE
    main.c                                   0x00000000   Number         0  main.o ABSOLUTE
    stm32f10x_it.c                           0x00000000   Number         0  stm32f10x_it.o ABSOLUTE
    system_stm32f10x.c                       0x00000000   Number         0  system_stm32f10x.o ABSOLUTE
    RESET                                    0x08000000   Section      304  startup_stm32f10x_hd.o(RESET)
    .ARM.Collect$$$$00000000                 0x08000130   Section        0  entry.o(.ARM.Collect$$$$00000000)
    .ARM.Collect$$$$00000001                 0x08000130   Section        4  entry2.o(.ARM.Collect$$$$00000001)
    .ARM.Collect$$$$00000004                 0x08000134   Section        4  entry5.o(.ARM.Collect$$$$00000004)
    .ARM.Collect$$$$00000008                 0x08000138   Section        0  entry7b.o(.ARM.Collect$$$$00000008)
    .ARM.Collect$$$$0000000A                 0x08000138   Section        0  entry8b.o(.ARM.Collect$$$$0000000A)
    .ARM.Collect$$$$0000000B                 0x08000138   Section        8  entry9a.o(.ARM.Collect$$$$0000000B)
    .ARM.Collect$$$$0000000D                 0x08000140   Section        0  entry10a.o(.ARM.Collect$$$$0000000D)
    .ARM.Collect$$$$0000000F                 0x08000140   Section        0  entry11a.o(.ARM.Collect$$$$0000000F)
    .ARM.Collect$$$$00002712                 0x08000140   Section        4  entry2.o(.ARM.Collect$$$$00002712)
    __lit__00000000                          0x08000140   Data           4  entry2.o(.ARM.Collect$$$$00002712)
    .text                                    0x08000144   Section       36  startup_stm32f10x_hd.o(.text)
    .text                                    0x08000168   Section      180  os_cpu_a.o(.text)
    .text                                    0x0800021c   Section        0  memseta.o(.text)
    .text                                    0x08000240   Section        0  strlen.o(.text)
    .text                                    0x0800024e   Section        0  strcmp.o(.text)
    .text                                    0x0800026a   Section        0  f2d.o(.text)
    .text                                    0x08000290   Section        0  uidiv.o(.text)
    .text                                    0x080002bc   Section        0  uldiv.o(.text)
    .text                                    0x0800031e   Section        0  dadd.o(.text)
    .text                                    0x0800031e   Section        0  iusefp.o(.text)
    .text                                    0x0800046c   Section        0  dmul.o(.text)
    .text                                    0x08000550   Section        0  ddiv.o(.text)
    .text                                    0x0800062e   Section        0  dfixul.o(.text)
    .text                                    0x08000660   Section       48  cdrcmple.o(.text)
    .text                                    0x08000690   Section       36  init.o(.text)
    .text                                    0x080006b4   Section        0  llshl.o(.text)
    .text                                    0x080006d2   Section        0  llushr.o(.text)
    .text                                    0x080006f2   Section        0  llsshr.o(.text)
    .text                                    0x08000716   Section        0  depilogue.o(.text)
    .text                                    0x080007d0   Section        0  __dczerorl2.o(.text)
    i.BCC_CheckOut                           0x08000826   Section        0  checkway.o(i.BCC_CheckOut)
    i.BusFault_Handler                       0x0800083e   Section        0  stm32f10x_it.o(i.BusFault_Handler)
    i.DebugMon_Handler                       0x08000842   Section        0  stm32f10x_it.o(i.DebugMon_Handler)
    i.EXTI9_5_IRQHandler                     0x08000844   Section        0  timer.o(i.EXTI9_5_IRQHandler)
    i.EXTIIO_Init                            0x08000864   Section        0  timer.o(i.EXTIIO_Init)
    i.EXTIX_Init                             0x08000888   Section        0  timer.o(i.EXTIX_Init)
    i.EXTI_ClearITPendingBit                 0x080008dc   Section        0  stm32f10x_exti.o(i.EXTI_ClearITPendingBit)
    i.EXTI_GetITStatus                       0x080008e8   Section        0  stm32f10x_exti.o(i.EXTI_GetITStatus)
    i.EXTI_Init                              0x08000910   Section        0  stm32f10x_exti.o(i.EXTI_Init)
    i.GPIO_EXTILineConfig                    0x080009a4   Section        0  stm32f10x_gpio.o(i.GPIO_EXTILineConfig)
    i.GPIO_Init                              0x080009e4   Section        0  stm32f10x_gpio.o(i.GPIO_Init)
    i.GPIO_ResetBits                         0x08000afa   Section        0  stm32f10x_gpio.o(i.GPIO_ResetBits)
    i.GPIO_SetBits                           0x08000afe   Section        0  stm32f10x_gpio.o(i.GPIO_SetBits)
    i.HardFault_Handler                      0x08000b02   Section        0  stm32f10x_it.o(i.HardFault_Handler)
    i.IIC_Start                              0x08000b08   Section        0  oled.o(i.IIC_Start)
    i.IIC_Stop                               0x08000b38   Section        0  oled.o(i.IIC_Stop)
    i.IIC_Wait_Ack                           0x08000b60   Section        0  oled.o(i.IIC_Wait_Ack)
    i.MemManage_Handler                      0x08000b7c   Section        0  stm32f10x_it.o(i.MemManage_Handler)
    i.Myagreement                            0x08000b80   Section        0  usart2.o(i.Myagreement)
    i.NMI_Handler                            0x08000edc   Section        0  stm32f10x_it.o(i.NMI_Handler)
    i.NVIC_Init                              0x08000ee0   Section        0  misc.o(i.NVIC_Init)
    i.NVIC_PriorityGroupConfig               0x08000f50   Section        0  misc.o(i.NVIC_PriorityGroupConfig)
    i.OLED_Clear                             0x08000f64   Section        0  oled.o(i.OLED_Clear)
    i.OLED_Init                              0x08000fa4   Section        0  oled.o(i.OLED_Init)
    i.OLED_Set_Pos                           0x0800108c   Section        0  oled.o(i.OLED_Set_Pos)
    i.OLED_ShowCHinese                       0x080010b4   Section        0  oled.o(i.OLED_ShowCHinese)
    i.OLED_WR_Byte                           0x0800111c   Section        0  oled.o(i.OLED_WR_Byte)
    i.OLED_task                              0x08001134   Section        0  taskoled.o(i.OLED_task)
    i.OSInit                                 0x08001198   Section        0  os_core.o(i.OSInit)
    i.OSInitHookBegin                        0x080011c4   Section        0  os_cpu_c.o(i.OSInitHookBegin)
    i.OSInitHookEnd                          0x080011c6   Section        0  os_cpu_c.o(i.OSInitHookEnd)
    i.OSIntEnter                             0x080011c8   Section        0  os_core.o(i.OSIntEnter)
    i.OSIntExit                              0x080011ec   Section        0  os_core.o(i.OSIntExit)
    i.OSSchedLock                            0x0800127c   Section        0  os_core.o(i.OSSchedLock)
    i.OSSchedUnlock                          0x080012bc   Section        0  os_core.o(i.OSSchedUnlock)
    i.OSSemCreate                            0x0800131c   Section        0  os_sem.o(i.OSSemCreate)
    i.OSSemPend                              0x08001368   Section        0  os_sem.o(i.OSSemPend)
    i.OSSemPost                              0x08001454   Section        0  os_sem.o(i.OSSemPost)
    i.OSStart                                0x080014ac   Section        0  os_core.o(i.OSStart)
    i.OSTCBInitHook                          0x080014f4   Section        0  os_cpu_c.o(i.OSTCBInitHook)
    i.OSTaskCreate                           0x080014f8   Section        0  os_task.o(i.OSTaskCreate)
    i.OSTaskCreateExt                        0x08001598   Section        0  os_task.o(i.OSTaskCreateExt)
    i.OSTaskCreateHook                       0x08001650   Section        0  os_cpu_c.o(i.OSTaskCreateHook)
    i.OSTaskIdleHook                         0x08001652   Section        0  os_cpu_c.o(i.OSTaskIdleHook)
    i.OSTaskNameSet                          0x08001654   Section        0  os_task.o(i.OSTaskNameSet)
    i.OSTaskStatHook                         0x080016c4   Section        0  os_cpu_c.o(i.OSTaskStatHook)
    i.OSTaskStkChk                           0x080016c8   Section        0  os_task.o(i.OSTaskStkChk)
    i.OSTaskStkInit                          0x08001754   Section        0  os_cpu_c.o(i.OSTaskStkInit)
    i.OSTaskSuspend                          0x080017f0   Section        0  os_task.o(i.OSTaskSuspend)
    i.OSTaskSwHook                           0x08001898   Section        0  os_cpu_c.o(i.OSTaskSwHook)
    i.OSTimeDly                              0x0800189c   Section        0  os_time.o(i.OSTimeDly)
    i.OSTimeDlyHMSM                          0x08001914   Section        0  os_time.o(i.OSTimeDlyHMSM)
    i.OSTimeTick                             0x08001974   Section        0  os_core.o(i.OSTimeTick)
    i.OSTimeTickHook                         0x08001a60   Section        0  os_cpu_c.o(i.OSTimeTickHook)
    i.OS_EventTaskRdy                        0x08001a64   Section        0  os_core.o(i.OS_EventTaskRdy)
    i.OS_EventTaskRemove                     0x08001ae8   Section        0  os_core.o(i.OS_EventTaskRemove)
    i.OS_EventTaskWait                       0x08001b14   Section        0  os_core.o(i.OS_EventTaskWait)
    i.OS_EventWaitListInit                   0x08001b90   Section        0  os_core.o(i.OS_EventWaitListInit)
    i.OS_FlagInit                            0x08001bac   Section        0  os_flag.o(i.OS_FlagInit)
    i.OS_InitEventList                       0x08001c04   Section        0  os_core.o(i.OS_InitEventList)
    OS_InitEventList                         0x08001c05   Thumb Code    74  os_core.o(i.OS_InitEventList)
    i.OS_InitMisc                            0x08001c58   Section        0  os_core.o(i.OS_InitMisc)
    OS_InitMisc                              0x08001c59   Thumb Code    44  os_core.o(i.OS_InitMisc)
    i.OS_InitRdyList                         0x08001cac   Section        0  os_core.o(i.OS_InitRdyList)
    OS_InitRdyList                           0x08001cad   Thumb Code    44  os_core.o(i.OS_InitRdyList)
    i.OS_InitTCBList                         0x08001cf0   Section        0  os_core.o(i.OS_InitTCBList)
    OS_InitTCBList                           0x08001cf1   Thumb Code   106  os_core.o(i.OS_InitTCBList)
    i.OS_InitTaskIdle                        0x08001d70   Section        0  os_core.o(i.OS_InitTaskIdle)
    OS_InitTaskIdle                          0x08001d71   Thumb Code    50  os_core.o(i.OS_InitTaskIdle)
    i.OS_InitTaskStat                        0x08001dc0   Section        0  os_core.o(i.OS_InitTaskStat)
    OS_InitTaskStat                          0x08001dc1   Thumb Code    50  os_core.o(i.OS_InitTaskStat)
    i.OS_MemClr                              0x08001e10   Section        0  os_core.o(i.OS_MemClr)
    i.OS_QInit                               0x08001e24   Section        0  os_q.o(i.OS_QInit)
    i.OS_Sched                               0x08001e74   Section        0  os_core.o(i.OS_Sched)
    i.OS_SchedNew                            0x08001ee8   Section        0  os_core.o(i.OS_SchedNew)
    OS_SchedNew                              0x08001ee9   Thumb Code    26  os_core.o(i.OS_SchedNew)
    i.OS_TCBInit                             0x08001f14   Section        0  os_core.o(i.OS_TCBInit)
    i.OS_TaskIdle                            0x08002048   Section        0  os_core.o(i.OS_TaskIdle)
    i.OS_TaskStat                            0x08002070   Section        0  os_core.o(i.OS_TaskStat)
    i.OS_TaskStatStkChk                      0x080020f8   Section        0  os_core.o(i.OS_TaskStatStkChk)
    i.OS_TaskStkClr                          0x08002134   Section        0  os_task.o(i.OS_TaskStkClr)
    i.RCC_APB1PeriphClockCmd                 0x08002150   Section        0  stm32f10x_rcc.o(i.RCC_APB1PeriphClockCmd)
    i.RCC_APB2PeriphClockCmd                 0x08002170   Section        0  stm32f10x_rcc.o(i.RCC_APB2PeriphClockCmd)
    i.RCC_GetClocksFreq                      0x08002190   Section        0  stm32f10x_rcc.o(i.RCC_GetClocksFreq)
    i.ReadResponseTimeOut                    0x08002264   Section        0  udp.o(i.ReadResponseTimeOut)
    i.SVC_Handler                            0x08002292   Section        0  stm32f10x_it.o(i.SVC_Handler)
    i.SetSysClock                            0x08002294   Section        0  system_stm32f10x.o(i.SetSysClock)
    SetSysClock                              0x08002295   Thumb Code     8  system_stm32f10x.o(i.SetSysClock)
    i.SetSysClockTo72                        0x0800229c   Section        0  system_stm32f10x.o(i.SetSysClockTo72)
    SetSysClockTo72                          0x0800229d   Thumb Code   214  system_stm32f10x.o(i.SetSysClockTo72)
    i.SysTick_CLKSourceConfig                0x0800237c   Section        0  misc.o(i.SysTick_CLKSourceConfig)
    i.SysTick_Handler                        0x080023a4   Section        0  delay.o(i.SysTick_Handler)
    i.SystemInit                             0x080023c0   Section        0  system_stm32f10x.o(i.SystemInit)
    i.TIM1_UP_IRQHandler                     0x08002420   Section        0  timer.o(i.TIM1_UP_IRQHandler)
    i.TIM3_IRQHandler                        0x0800243c   Section        0  timer.o(i.TIM3_IRQHandler)
    i.TIM_ClearITPendingBit                  0x08002458   Section        0  stm32f10x_tim.o(i.TIM_ClearITPendingBit)
    i.TIM_GetITStatus                        0x0800245e   Section        0  stm32f10x_tim.o(i.TIM_GetITStatus)
    i.USART1_IRQHandler                      0x08002480   Section        0  usart.o(i.USART1_IRQHandler)
    i.USART2_IRQHandler                      0x080024b0   Section        0  usart2.o(i.USART2_IRQHandler)
    i.USART_Cmd                              0x080024e0   Section        0  stm32f10x_usart.o(i.USART_Cmd)
    i.USART_GetFlagStatus                    0x080024f8   Section        0  stm32f10x_usart.o(i.USART_GetFlagStatus)
    i.USART_GetITStatus                      0x08002512   Section        0  stm32f10x_usart.o(i.USART_GetITStatus)
    i.USART_ITConfig                         0x08002566   Section        0  stm32f10x_usart.o(i.USART_ITConfig)
    i.USART_Init                             0x080025b0   Section        0  stm32f10x_usart.o(i.USART_Init)
    i.USART_ReceiveData                      0x08002688   Section        0  stm32f10x_usart.o(i.USART_ReceiveData)
    i.USART_SendData                         0x08002692   Section        0  stm32f10x_usart.o(i.USART_SendData)
    i.UartSend                               0x0800269a   Section        0  usart.o(i.UartSend)
    i.UsageFault_Handler                     0x080026c6   Section        0  stm32f10x_it.o(i.UsageFault_Handler)
    i.Write_IIC_Byte                         0x080026cc   Section        0  oled.o(i.Write_IIC_Byte)
    i.Write_IIC_Command                      0x08002728   Section        0  oled.o(i.Write_IIC_Command)
    i.Write_IIC_Data                         0x08002754   Section        0  oled.o(i.Write_IIC_Data)
    i.__0printf                              0x08002780   Section        0  printfa.o(i.__0printf)
    i.__0vsprintf                            0x080027a0   Section        0  printfa.o(i.__0vsprintf)
    i.__scatterload_copy                     0x080027c4   Section       14  handlers.o(i.__scatterload_copy)
    i.__scatterload_null                     0x080027d2   Section        2  handlers.o(i.__scatterload_null)
    i.__scatterload_zeroinit                 0x080027d4   Section       14  handlers.o(i.__scatterload_zeroinit)
    i._fp_digits                             0x080027e4   Section        0  printfa.o(i._fp_digits)
    _fp_digits                               0x080027e5   Thumb Code   334  printfa.o(i._fp_digits)
    i._printf_core                           0x08002948   Section        0  printfa.o(i._printf_core)
    _printf_core                             0x08002949   Thumb Code  1744  printfa.o(i._printf_core)
    i._printf_post_padding                   0x08003024   Section        0  printfa.o(i._printf_post_padding)
    _printf_post_padding                     0x08003025   Thumb Code    36  printfa.o(i._printf_post_padding)
    i._printf_pre_padding                    0x08003048   Section        0  printfa.o(i._printf_pre_padding)
    _printf_pre_padding                      0x08003049   Thumb Code    46  printfa.o(i._printf_pre_padding)
    i._sputc                                 0x08003076   Section        0  printfa.o(i._sputc)
    _sputc                                   0x08003077   Thumb Code    10  printfa.o(i._sputc)
    i.agreementSend                          0x08003080   Section        0  udp.o(i.agreementSend)
    i.comparestr                             0x08003190   Section        0  usart2.o(i.comparestr)
    i.delay_init                             0x08003594   Section        0  delay.o(i.delay_init)
    i.delay_ms                               0x080035f0   Section        0  delay.o(i.delay_ms)
    i.delay_osschedlock                      0x08003640   Section        0  delay.o(i.delay_osschedlock)
    i.delay_osschedunlock                    0x08003648   Section        0  delay.o(i.delay_osschedunlock)
    i.delay_ostimedly                        0x08003650   Section        0  delay.o(i.delay_ostimedly)
    i.delay_us                               0x0800365c   Section        0  delay.o(i.delay_us)
    i.fputc                                  0x080036b8   Section        0  usart.o(i.fputc)
    i.getstr                                 0x080036d4   Section        0  usart2.o(i.getstr)
    i.getstring                              0x08003704   Section        0  usart2.o(i.getstring)
    i.initCom                                0x08003728   Section        0  usart2.o(i.initCom)
    i.initUartBuff                           0x08003734   Section        0  usart2.o(i.initUartBuff)
    i.inputstr                               0x08003750   Section        0  usart2.o(i.inputstr)
    i.isSign                                 0x0800377c   Section        0  udp.o(i.isSign)
    i.main                                   0x080037c4   Section        0  main.o(i.main)
    i.pulse_task                             0x08003810   Section        0  pulse.o(i.pulse_task)
    i.readLine                               0x0800389c   Section        0  usart2.o(i.readLine)
    i.readbuf_task                           0x08003908   Section        0  taskreadbuf.o(i.readbuf_task)
    i.showsignal                             0x08003970   Section        0  oled.o(i.showsignal)
    i.start_task                             0x08003a00   Section        0  main.o(i.start_task)
    i.u2_OutCmd                              0x08003a90   Section        0  udp.o(i.u2_OutCmd)
    i.u2_printf                              0x08003ad4   Section        0  usart2.o(i.u2_printf)
    i.uart2_init                             0x08003b28   Section        0  usart2.o(i.uart2_init)
    i.uart_init                              0x08003bcc   Section        0  usart.o(i.uart_init)
    i.udpSendMsg                             0x08003c6c   Section        0  udp.o(i.udpSendMsg)
    .constdata                               0x08003c94   Section      186  udp.o(.constdata)
    .constdata                               0x08003d4e   Section      256  os_core.o(.constdata)
    .constdata                               0x08003e4e   Section       45  agreement.o(.constdata)
    .data                                    0x20000000   Section       20  system_stm32f10x.o(.data)
    .data                                    0x20000014   Section       18  udp.o(.data)
    ThisSendTimes                            0x20000024   Data           2  udp.o(.data)
    .data                                    0x20000028   Section        4  sem.o(.data)
    .data                                    0x2000002c   Section      132  oled.o(.data)
    .data                                    0x200000b0   Section        4  delay.o(.data)
    fac_us                                   0x200000b0   Data           1  delay.o(.data)
    fac_ms                                   0x200000b2   Data           2  delay.o(.data)
    .data                                    0x200000b4   Section        6  usart.o(.data)
    .data                                    0x200000ba   Section       20  stm32f10x_rcc.o(.data)
    APBAHBPrescTable                         0x200000ba   Data          16  stm32f10x_rcc.o(.data)
    ADCPrescTable                            0x200000ca   Data           4  stm32f10x_rcc.o(.data)
    .data                                    0x200000d0   Section       72  os_core.o(.data)
    .data                                    0x20000118   Section        4  timer.o(.data)
    .data                                    0x2000011c   Section       25  agreement.o(.data)
    .data                                    0x20000135   Section        1  taskoled.o(.data)
    signal_num                               0x20000135   Data           1  taskoled.o(.data)
    .bss                                     0x20000138   Section     1956  main.o(.bss)
    .bss                                     0x200008dc   Section      200  udp.o(.bss)
    .bss                                     0x200009a8   Section      608  usart2.o(.bss)
    .bss                                     0x20000c08   Section     2688  os_core.o(.bss)
    .bss                                     0x20001688   Section     1024  pulse.o(.bss)
    .bss                                     0x20001a88   Section     1024  taskreadbuf.o(.bss)
    .bss                                     0x20001e88   Section      256  taskoled.o(.bss)
    STACK                                    0x20001f88   Section     1024  startup_stm32f10x_hd.o(STACK)
    .ARM.__AT_0x68000000                     0x68000000   Section    983040  malloc.o(.ARM.__AT_0x68000000)
    .ARM.__AT_0x680F0000                     0x680f0000   Section    61440  malloc.o(.ARM.__AT_0x680F0000)

    Global Symbols

    Symbol Name                              Value     Ov Type        Size  Object(Section)

    BuildAttributes$$THM_ISAv4$P$D$K$B$S$PE$A:L22UL41UL21$X:L11$S22US41US21$IEEE1$IW$USESV6$~STKCKD$USESV7$~SHL$OSPACE$ROPI$EBA8$MICROLIB$REQ8$PRES8$EABIv2 0x00000000   Number         0  anon$$obj.o ABSOLUTE
    __ARM_use_no_argv                        0x00000000   Number         0  main.o ABSOLUTE
    __use_no_errno                           0x00000000   Number         0  useno.o ABSOLUTE
    __use_no_exception_handling              0x00000000   Number         0  useno.o ABSOLUTE
    __use_no_fp                              0x00000000   Number         0  useno.o ABSOLUTE
    __use_no_heap                            0x00000000   Number         0  useno.o ABSOLUTE
    __use_no_heap_region                     0x00000000   Number         0  useno.o ABSOLUTE
    __use_no_semihosting                     0x00000000   Number         0  useno.o ABSOLUTE
    __use_no_semihosting_swi                 0x00000000   Number         0  useno.o ABSOLUTE
    __use_no_signal_handling                 0x00000000   Number         0  useno.o ABSOLUTE
    _printf_a                                0x00000000   Number         0  stubs.o ABSOLUTE
    _printf_c                                0x00000000   Number         0  stubs.o ABSOLUTE
    _printf_charcount                        0x00000000   Number         0  stubs.o ABSOLUTE
    _printf_d                                0x00000000   Number         0  stubs.o ABSOLUTE
    _printf_e                                0x00000000   Number         0  stubs.o ABSOLUTE
    _printf_f                                0x00000000   Number         0  stubs.o ABSOLUTE
    _printf_flags                            0x00000000   Number         0  stubs.o ABSOLUTE
    _printf_fp_dec                           0x00000000   Number         0  stubs.o ABSOLUTE
    _printf_fp_hex                           0x00000000   Number         0  stubs.o ABSOLUTE
    _printf_g                                0x00000000   Number         0  stubs.o ABSOLUTE
    _printf_i                                0x00000000   Number         0  stubs.o ABSOLUTE
    _printf_int_dec                          0x00000000   Number         0  stubs.o ABSOLUTE
    _printf_l                                0x00000000   Number         0  stubs.o ABSOLUTE
    _printf_lc                               0x00000000   Number         0  stubs.o ABSOLUTE
    _printf_ll                               0x00000000   Number         0  stubs.o ABSOLUTE
    _printf_lld                              0x00000000   Number         0  stubs.o ABSOLUTE
    _printf_lli                              0x00000000   Number         0  stubs.o ABSOLUTE
    _printf_llo                              0x00000000   Number         0  stubs.o ABSOLUTE
    _printf_llu                              0x00000000   Number         0  stubs.o ABSOLUTE
    _printf_llx                              0x00000000   Number         0  stubs.o ABSOLUTE
    _printf_longlong_dec                     0x00000000   Number         0  stubs.o ABSOLUTE
    _printf_longlong_hex                     0x00000000   Number         0  stubs.o ABSOLUTE
    _printf_longlong_oct                     0x00000000   Number         0  stubs.o ABSOLUTE
    _printf_ls                               0x00000000   Number         0  stubs.o ABSOLUTE
    _printf_mbtowc                           0x00000000   Number         0  stubs.o ABSOLUTE
    _printf_n                                0x00000000   Number         0  stubs.o ABSOLUTE
    _printf_o                                0x00000000   Number         0  stubs.o ABSOLUTE
    _printf_p                                0x00000000   Number         0  stubs.o ABSOLUTE
    _printf_percent                          0x00000000   Number         0  stubs.o ABSOLUTE
    _printf_pre_padding                      0x00000000   Number         0  stubs.o ABSOLUTE
    _printf_return_value                     0x00000000   Number         0  stubs.o ABSOLUTE
    _printf_s                                0x00000000   Number         0  stubs.o ABSOLUTE
    _printf_sizespec                         0x00000000   Number         0  stubs.o ABSOLUTE
    _printf_str                              0x00000000   Number         0  stubs.o ABSOLUTE
    _printf_truncate_signed                  0x00000000   Number         0  stubs.o ABSOLUTE
    _printf_truncate_unsigned                0x00000000   Number         0  stubs.o ABSOLUTE
    _printf_u                                0x00000000   Number         0  stubs.o ABSOLUTE
    _printf_wc                               0x00000000   Number         0  stubs.o ABSOLUTE
    _printf_wctomb                           0x00000000   Number         0  stubs.o ABSOLUTE
    _printf_widthprec                        0x00000000   Number         0  stubs.o ABSOLUTE
    _printf_x                                0x00000000   Number         0  stubs.o ABSOLUTE
    __cpp_initialize__aeabi_                  - Undefined Weak Reference
    __cxa_finalize                            - Undefined Weak Reference
    _clock_init                               - Undefined Weak Reference
    _microlib_exit                            - Undefined Weak Reference
    __Vectors_Size                           0x00000130   Number         0  startup_stm32f10x_hd.o ABSOLUTE
    __Vectors                                0x08000000   Data           4  startup_stm32f10x_hd.o(RESET)
    __Vectors_End                            0x08000130   Data           0  startup_stm32f10x_hd.o(RESET)
    __main                                   0x08000131   Thumb Code     0  entry.o(.ARM.Collect$$$$00000000)
    _main_stk                                0x08000131   Thumb Code     0  entry2.o(.ARM.Collect$$$$00000001)
    _main_scatterload                        0x08000135   Thumb Code     0  entry5.o(.ARM.Collect$$$$00000004)
    __main_after_scatterload                 0x08000139   Thumb Code     0  entry5.o(.ARM.Collect$$$$00000004)
    _main_clock                              0x08000139   Thumb Code     0  entry7b.o(.ARM.Collect$$$$00000008)
    _main_cpp_init                           0x08000139   Thumb Code     0  entry8b.o(.ARM.Collect$$$$0000000A)
    _main_init                               0x08000139   Thumb Code     0  entry9a.o(.ARM.Collect$$$$0000000B)
    __rt_final_cpp                           0x08000141   Thumb Code     0  entry10a.o(.ARM.Collect$$$$0000000D)
    __rt_final_exit                          0x08000141   Thumb Code     0  entry11a.o(.ARM.Collect$$$$0000000F)
    Reset_Handler                            0x08000145   Thumb Code     8  startup_stm32f10x_hd.o(.text)
    ADC1_2_IRQHandler                        0x0800015f   Thumb Code     0  startup_stm32f10x_hd.o(.text)
    ADC3_IRQHandler                          0x0800015f   Thumb Code     0  startup_stm32f10x_hd.o(.text)
    CAN1_RX1_IRQHandler                      0x0800015f   Thumb Code     0  startup_stm32f10x_hd.o(.text)
    CAN1_SCE_IRQHandler                      0x0800015f   Thumb Code     0  startup_stm32f10x_hd.o(.text)
    DMA1_Channel1_IRQHandler                 0x0800015f   Thumb Code     0  startup_stm32f10x_hd.o(.text)
    DMA1_Channel2_IRQHandler                 0x0800015f   Thumb Code     0  startup_stm32f10x_hd.o(.text)
    DMA1_Channel3_IRQHandler                 0x0800015f   Thumb Code     0  startup_stm32f10x_hd.o(.text)
    DMA1_Channel4_IRQHandler                 0x0800015f   Thumb Code     0  startup_stm32f10x_hd.o(.text)
    DMA1_Channel5_IRQHandler                 0x0800015f   Thumb Code     0  startup_stm32f10x_hd.o(.text)
    DMA1_Channel6_IRQHandler                 0x0800015f   Thumb Code     0  startup_stm32f10x_hd.o(.text)
    DMA1_Channel7_IRQHandler                 0x0800015f   Thumb Code     0  startup_stm32f10x_hd.o(.text)
    DMA2_Channel1_IRQHandler                 0x0800015f   Thumb Code     0  startup_stm32f10x_hd.o(.text)
    DMA2_Channel2_IRQHandler                 0x0800015f   Thumb Code     0  startup_stm32f10x_hd.o(.text)
    DMA2_Channel3_IRQHandler                 0x0800015f   Thumb Code     0  startup_stm32f10x_hd.o(.text)
    DMA2_Channel4_5_IRQHandler               0x0800015f   Thumb Code     0  startup_stm32f10x_hd.o(.text)
    EXTI0_IRQHandler                         0x0800015f   Thumb Code     0  startup_stm32f10x_hd.o(.text)
    EXTI15_10_IRQHandler                     0x0800015f   Thumb Code     0  startup_stm32f10x_hd.o(.text)
    EXTI1_IRQHandler                         0x0800015f   Thumb Code     0  startup_stm32f10x_hd.o(.text)
    EXTI2_IRQHandler                         0x0800015f   Thumb Code     0  startup_stm32f10x_hd.o(.text)
    EXTI3_IRQHandler                         0x0800015f   Thumb Code     0  startup_stm32f10x_hd.o(.text)
    EXTI4_IRQHandler                         0x0800015f   Thumb Code     0  startup_stm32f10x_hd.o(.text)
    FLASH_IRQHandler                         0x0800015f   Thumb Code     0  startup_stm32f10x_hd.o(.text)
    FSMC_IRQHandler                          0x0800015f   Thumb Code     0  startup_stm32f10x_hd.o(.text)
    I2C1_ER_IRQHandler                       0x0800015f   Thumb Code     0  startup_stm32f10x_hd.o(.text)
    I2C1_EV_IRQHandler                       0x0800015f   Thumb Code     0  startup_stm32f10x_hd.o(.text)
    I2C2_ER_IRQHandler                       0x0800015f   Thumb Code     0  startup_stm32f10x_hd.o(.text)
    I2C2_EV_IRQHandler                       0x0800015f   Thumb Code     0  startup_stm32f10x_hd.o(.text)
    PVD_IRQHandler                           0x0800015f   Thumb Code     0  startup_stm32f10x_hd.o(.text)
    RCC_IRQHandler                           0x0800015f   Thumb Code     0  startup_stm32f10x_hd.o(.text)
    RTCAlarm_IRQHandler                      0x0800015f   Thumb Code     0  startup_stm32f10x_hd.o(.text)
    RTC_IRQHandler                           0x0800015f   Thumb Code     0  startup_stm32f10x_hd.o(.text)
    SDIO_IRQHandler                          0x0800015f   Thumb Code     0  startup_stm32f10x_hd.o(.text)
    SPI1_IRQHandler                          0x0800015f   Thumb Code     0  startup_stm32f10x_hd.o(.text)
    SPI2_IRQHandler                          0x0800015f   Thumb Code     0  startup_stm32f10x_hd.o(.text)
    SPI3_IRQHandler                          0x0800015f   Thumb Code     0  startup_stm32f10x_hd.o(.text)
    TAMPER_IRQHandler                        0x0800015f   Thumb Code     0  startup_stm32f10x_hd.o(.text)
    TIM1_BRK_IRQHandler                      0x0800015f   Thumb Code     0  startup_stm32f10x_hd.o(.text)
    TIM1_CC_IRQHandler                       0x0800015f   Thumb Code     0  startup_stm32f10x_hd.o(.text)
    TIM1_TRG_COM_IRQHandler                  0x0800015f   Thumb Code     0  startup_stm32f10x_hd.o(.text)
    TIM2_IRQHandler                          0x0800015f   Thumb Code     0  startup_stm32f10x_hd.o(.text)
    TIM4_IRQHandler                          0x0800015f   Thumb Code     0  startup_stm32f10x_hd.o(.text)
    TIM5_IRQHandler                          0x0800015f   Thumb Code     0  startup_stm32f10x_hd.o(.text)
    TIM6_IRQHandler                          0x0800015f   Thumb Code     0  startup_stm32f10x_hd.o(.text)
    TIM7_IRQHandler                          0x0800015f   Thumb Code     0  startup_stm32f10x_hd.o(.text)
    TIM8_BRK_IRQHandler                      0x0800015f   Thumb Code     0  startup_stm32f10x_hd.o(.text)
    TIM8_CC_IRQHandler                       0x0800015f   Thumb Code     0  startup_stm32f10x_hd.o(.text)
    TIM8_TRG_COM_IRQHandler                  0x0800015f   Thumb Code     0  startup_stm32f10x_hd.o(.text)
    TIM8_UP_IRQHandler                       0x0800015f   Thumb Code     0  startup_stm32f10x_hd.o(.text)
    UART4_IRQHandler                         0x0800015f   Thumb Code     0  startup_stm32f10x_hd.o(.text)
    UART5_IRQHandler                         0x0800015f   Thumb Code     0  startup_stm32f10x_hd.o(.text)
    USART3_IRQHandler                        0x0800015f   Thumb Code     0  startup_stm32f10x_hd.o(.text)
    USBWakeUp_IRQHandler                     0x0800015f   Thumb Code     0  startup_stm32f10x_hd.o(.text)
    USB_HP_CAN1_TX_IRQHandler                0x0800015f   Thumb Code     0  startup_stm32f10x_hd.o(.text)
    USB_LP_CAN1_RX0_IRQHandler               0x0800015f   Thumb Code     0  startup_stm32f10x_hd.o(.text)
    WWDG_IRQHandler                          0x0800015f   Thumb Code     0  startup_stm32f10x_hd.o(.text)
    OS_CPU_SR_Save                           0x08000169   Thumb Code     0  os_cpu_a.o(.text)
    OS_CPU_SR_Restore                        0x08000171   Thumb Code     0  os_cpu_a.o(.text)
    OSStartHighRdy                           0x08000177   Thumb Code     0  os_cpu_a.o(.text)
    OSCtxSw                                  0x08000199   Thumb Code     0  os_cpu_a.o(.text)
    OSIntCtxSw                               0x080001a7   Thumb Code     0  os_cpu_a.o(.text)
    PendSV_Handler                           0x080001b7   Thumb Code     0  os_cpu_a.o(.text)
    __aeabi_memset                           0x0800021d   Thumb Code    14  memseta.o(.text)
    __aeabi_memset4                          0x0800021d   Thumb Code     0  memseta.o(.text)
    __aeabi_memset8                          0x0800021d   Thumb Code     0  memseta.o(.text)
    __aeabi_memclr                           0x0800022b   Thumb Code     4  memseta.o(.text)
    __aeabi_memclr4                          0x0800022b   Thumb Code     0  memseta.o(.text)
    __aeabi_memclr8                          0x0800022b   Thumb Code     0  memseta.o(.text)
    _memset$wrapper                          0x0800022f   Thumb Code    18  memseta.o(.text)
    strlen                                   0x08000241   Thumb Code    14  strlen.o(.text)
    strcmp                                   0x0800024f   Thumb Code    28  strcmp.o(.text)
    __aeabi_f2d                              0x0800026b   Thumb Code    38  f2d.o(.text)
    __aeabi_uidiv                            0x08000291   Thumb Code     0  uidiv.o(.text)
    __aeabi_uidivmod                         0x08000291   Thumb Code    44  uidiv.o(.text)
    __aeabi_uldivmod                         0x080002bd   Thumb Code    98  uldiv.o(.text)
    __I$use$fp                               0x0800031f   Thumb Code     0  iusefp.o(.text)
    __aeabi_dadd                             0x0800031f   Thumb Code   322  dadd.o(.text)
    __aeabi_dsub                             0x08000461   Thumb Code     6  dadd.o(.text)
    __aeabi_drsub                            0x08000467   Thumb Code     6  dadd.o(.text)
    __aeabi_dmul                             0x0800046d   Thumb Code   228  dmul.o(.text)
    __aeabi_ddiv                             0x08000551   Thumb Code   222  ddiv.o(.text)
    __aeabi_d2ulz                            0x0800062f   Thumb Code    48  dfixul.o(.text)
    __aeabi_cdrcmple                         0x08000661   Thumb Code    48  cdrcmple.o(.text)
    __scatterload                            0x08000691   Thumb Code    28  init.o(.text)
    __scatterload_rt2                        0x08000691   Thumb Code     0  init.o(.text)
    __aeabi_llsl                             0x080006b5   Thumb Code    30  llshl.o(.text)
    _ll_shift_l                              0x080006b5   Thumb Code     0  llshl.o(.text)
    __aeabi_llsr                             0x080006d3   Thumb Code    32  llushr.o(.text)
    _ll_ushift_r                             0x080006d3   Thumb Code     0  llushr.o(.text)
    __aeabi_lasr                             0x080006f3   Thumb Code    36  llsshr.o(.text)
    _ll_sshift_r                             0x080006f3   Thumb Code     0  llsshr.o(.text)
    _double_round                            0x08000717   Thumb Code    30  depilogue.o(.text)
    _double_epilogue                         0x08000735   Thumb Code   156  depilogue.o(.text)
    __decompress                             0x080007d1   Thumb Code     0  __dczerorl2.o(.text)
    __decompress1                            0x080007d1   Thumb Code    86  __dczerorl2.o(.text)
    BCC_CheckOut                             0x08000827   Thumb Code    24  checkway.o(i.BCC_CheckOut)
    BusFault_Handler                         0x0800083f   Thumb Code     4  stm32f10x_it.o(i.BusFault_Handler)
    DebugMon_Handler                         0x08000843   Thumb Code     2  stm32f10x_it.o(i.DebugMon_Handler)
    EXTI9_5_IRQHandler                       0x08000845   Thumb Code    28  timer.o(i.EXTI9_5_IRQHandler)
    EXTIIO_Init                              0x08000865   Thumb Code    32  timer.o(i.EXTIIO_Init)
    EXTIX_Init                               0x08000889   Thumb Code    82  timer.o(i.EXTIX_Init)
    EXTI_ClearITPendingBit                   0x080008dd   Thumb Code     6  stm32f10x_exti.o(i.EXTI_ClearITPendingBit)
    EXTI_GetITStatus                         0x080008e9   Thumb Code    34  stm32f10x_exti.o(i.EXTI_GetITStatus)
    EXTI_Init                                0x08000911   Thumb Code   142  stm32f10x_exti.o(i.EXTI_Init)
    GPIO_EXTILineConfig                      0x080009a5   Thumb Code    60  stm32f10x_gpio.o(i.GPIO_EXTILineConfig)
    GPIO_Init                                0x080009e5   Thumb Code   278  stm32f10x_gpio.o(i.GPIO_Init)
    GPIO_ResetBits                           0x08000afb   Thumb Code     4  stm32f10x_gpio.o(i.GPIO_ResetBits)
    GPIO_SetBits                             0x08000aff   Thumb Code     4  stm32f10x_gpio.o(i.GPIO_SetBits)
    HardFault_Handler                        0x08000b03   Thumb Code     4  stm32f10x_it.o(i.HardFault_Handler)
    IIC_Start                                0x08000b09   Thumb Code    44  oled.o(i.IIC_Start)
    IIC_Stop                                 0x08000b39   Thumb Code    34  oled.o(i.IIC_Stop)
    IIC_Wait_Ack                             0x08000b61   Thumb Code    24  oled.o(i.IIC_Wait_Ack)
    MemManage_Handler                        0x08000b7d   Thumb Code     4  stm32f10x_it.o(i.MemManage_Handler)
    Myagreement                              0x08000b81   Thumb Code   614  usart2.o(i.Myagreement)
    NMI_Handler                              0x08000edd   Thumb Code     2  stm32f10x_it.o(i.NMI_Handler)
    NVIC_Init                                0x08000ee1   Thumb Code   100  misc.o(i.NVIC_Init)
    NVIC_PriorityGroupConfig                 0x08000f51   Thumb Code    10  misc.o(i.NVIC_PriorityGroupConfig)
    OLED_Clear                               0x08000f65   Thumb Code    62  oled.o(i.OLED_Clear)
    OLED_Init                                0x08000fa5   Thumb Code   226  oled.o(i.OLED_Init)
    OLED_Set_Pos                             0x0800108d   Thumb Code    40  oled.o(i.OLED_Set_Pos)
    OLED_ShowCHinese                         0x080010b5   Thumb Code    98  oled.o(i.OLED_ShowCHinese)
    OLED_WR_Byte                             0x0800111d   Thumb Code    24  oled.o(i.OLED_WR_Byte)
    OLED_task                                0x08001135   Thumb Code    96  taskoled.o(i.OLED_task)
    OSInit                                   0x08001199   Thumb Code    44  os_core.o(i.OSInit)
    OSInitHookBegin                          0x080011c5   Thumb Code     2  os_cpu_c.o(i.OSInitHookBegin)
    OSInitHookEnd                            0x080011c7   Thumb Code     2  os_cpu_c.o(i.OSInitHookEnd)
    OSIntEnter                               0x080011c9   Thumb Code    28  os_core.o(i.OSIntEnter)
    OSIntExit                                0x080011ed   Thumb Code   112  os_core.o(i.OSIntExit)
    OSSchedLock                              0x0800127d   Thumb Code    50  os_core.o(i.OSSchedLock)
    OSSchedUnlock                            0x080012bd   Thumb Code    82  os_core.o(i.OSSchedUnlock)
    OSSemCreate                              0x0800131d   Thumb Code    68  os_sem.o(i.OSSemCreate)
    OSSemPend                                0x08001369   Thumb Code   222  os_sem.o(i.OSSemPend)
    OSSemPost                                0x08001455   Thumb Code    88  os_sem.o(i.OSSemPost)
    OSStart                                  0x080014ad   Thumb Code    48  os_core.o(i.OSStart)
    OSTCBInitHook                            0x080014f5   Thumb Code     2  os_cpu_c.o(i.OSTCBInitHook)
    OSTaskCreate                             0x080014f9   Thumb Code   148  os_task.o(i.OSTaskCreate)
    OSTaskCreateExt                          0x08001599   Thumb Code   170  os_task.o(i.OSTaskCreateExt)
    OSTaskCreateHook                         0x08001651   Thumb Code     2  os_cpu_c.o(i.OSTaskCreateHook)
    OSTaskIdleHook                           0x08001653   Thumb Code     2  os_cpu_c.o(i.OSTaskIdleHook)
    OSTaskNameSet                            0x08001655   Thumb Code    98  os_task.o(i.OSTaskNameSet)
    OSTaskStatHook                           0x080016c5   Thumb Code     2  os_cpu_c.o(i.OSTaskStatHook)
    OSTaskStkChk                             0x080016c9   Thumb Code   132  os_task.o(i.OSTaskStkChk)
    OSTaskStkInit                            0x08001755   Thumb Code   154  os_cpu_c.o(i.OSTaskStkInit)
    OSTaskSuspend                            0x080017f1   Thumb Code   152  os_task.o(i.OSTaskSuspend)
    OSTaskSwHook                             0x08001899   Thumb Code     2  os_cpu_c.o(i.OSTaskSwHook)
    OSTimeDly                                0x0800189d   Thumb Code   100  os_time.o(i.OSTimeDly)
    OSTimeDlyHMSM                            0x08001915   Thumb Code    86  os_time.o(i.OSTimeDlyHMSM)
    OSTimeTick                               0x08001975   Thumb Code   210  os_core.o(i.OSTimeTick)
    OSTimeTickHook                           0x08001a61   Thumb Code     2  os_cpu_c.o(i.OSTimeTickHook)
    OS_EventTaskRdy                          0x08001a65   Thumb Code   114  os_core.o(i.OS_EventTaskRdy)
    OS_EventTaskRemove                       0x08001ae9   Thumb Code    42  os_core.o(i.OS_EventTaskRemove)
    OS_EventTaskWait                         0x08001b15   Thumb Code   112  os_core.o(i.OS_EventTaskWait)
    OS_EventWaitListInit                     0x08001b91   Thumb Code    28  os_core.o(i.OS_EventWaitListInit)
    OS_FlagInit                              0x08001bad   Thumb Code    74  os_flag.o(i.OS_FlagInit)
    OS_MemClr                                0x08001e11   Thumb Code    18  os_core.o(i.OS_MemClr)
    OS_QInit                                 0x08001e25   Thumb Code    72  os_q.o(i.OS_QInit)
    OS_Sched                                 0x08001e75   Thumb Code    88  os_core.o(i.OS_Sched)
    OS_TCBInit                               0x08001f15   Thumb Code   278  os_core.o(i.OS_TCBInit)
    OS_TaskIdle                              0x08002049   Thumb Code    34  os_core.o(i.OS_TaskIdle)
    OS_TaskStat                              0x08002071   Thumb Code   116  os_core.o(i.OS_TaskStat)
    OS_TaskStatStkChk                        0x080020f9   Thumb Code    54  os_core.o(i.OS_TaskStatStkChk)
    OS_TaskStkClr                            0x08002135   Thumb Code    26  os_task.o(i.OS_TaskStkClr)
    RCC_APB1PeriphClockCmd                   0x08002151   Thumb Code    26  stm32f10x_rcc.o(i.RCC_APB1PeriphClockCmd)
    RCC_APB2PeriphClockCmd                   0x08002171   Thumb Code    26  stm32f10x_rcc.o(i.RCC_APB2PeriphClockCmd)
    RCC_GetClocksFreq                        0x08002191   Thumb Code   192  stm32f10x_rcc.o(i.RCC_GetClocksFreq)
    ReadResponseTimeOut                      0x08002265   Thumb Code    46  udp.o(i.ReadResponseTimeOut)
    SVC_Handler                              0x08002293   Thumb Code     2  stm32f10x_it.o(i.SVC_Handler)
    SysTick_CLKSourceConfig                  0x0800237d   Thumb Code    40  misc.o(i.SysTick_CLKSourceConfig)
    SysTick_Handler                          0x080023a5   Thumb Code    24  delay.o(i.SysTick_Handler)
    SystemInit                               0x080023c1   Thumb Code    78  system_stm32f10x.o(i.SystemInit)
    TIM1_UP_IRQHandler                       0x08002421   Thumb Code    22  timer.o(i.TIM1_UP_IRQHandler)
    TIM3_IRQHandler                          0x0800243d   Thumb Code    22  timer.o(i.TIM3_IRQHandler)
    TIM_ClearITPendingBit                    0x08002459   Thumb Code     6  stm32f10x_tim.o(i.TIM_ClearITPendingBit)
    TIM_GetITStatus                          0x0800245f   Thumb Code    34  stm32f10x_tim.o(i.TIM_GetITStatus)
    USART1_IRQHandler                        0x08002481   Thumb Code    40  usart.o(i.USART1_IRQHandler)
    USART2_IRQHandler                        0x080024b1   Thumb Code    40  usart2.o(i.USART2_IRQHandler)
    USART_Cmd                                0x080024e1   Thumb Code    24  stm32f10x_usart.o(i.USART_Cmd)
    USART_GetFlagStatus                      0x080024f9   Thumb Code    26  stm32f10x_usart.o(i.USART_GetFlagStatus)
    USART_GetITStatus                        0x08002513   Thumb Code    84  stm32f10x_usart.o(i.USART_GetITStatus)
    USART_ITConfig                           0x08002567   Thumb Code    74  stm32f10x_usart.o(i.USART_ITConfig)
    USART_Init                               0x080025b1   Thumb Code   210  stm32f10x_usart.o(i.USART_Init)
    USART_ReceiveData                        0x08002689   Thumb Code    10  stm32f10x_usart.o(i.USART_ReceiveData)
    USART_SendData                           0x08002693   Thumb Code     8  stm32f10x_usart.o(i.USART_SendData)
    UartSend                                 0x0800269b   Thumb Code    44  usart.o(i.UartSend)
    UsageFault_Handler                       0x080026c7   Thumb Code     4  stm32f10x_it.o(i.UsageFault_Handler)
    Write_IIC_Byte                           0x080026cd   Thumb Code    88  oled.o(i.Write_IIC_Byte)
    Write_IIC_Command                        0x08002729   Thumb Code    44  oled.o(i.Write_IIC_Command)
    Write_IIC_Data                           0x08002755   Thumb Code    44  oled.o(i.Write_IIC_Data)
    __0printf                                0x08002781   Thumb Code    22  printfa.o(i.__0printf)
    __1printf                                0x08002781   Thumb Code     0  printfa.o(i.__0printf)
    __2printf                                0x08002781   Thumb Code     0  printfa.o(i.__0printf)
    __c89printf                              0x08002781   Thumb Code     0  printfa.o(i.__0printf)
    printf                                   0x08002781   Thumb Code     0  printfa.o(i.__0printf)
    __0vsprintf                              0x080027a1   Thumb Code    30  printfa.o(i.__0vsprintf)
    __1vsprintf                              0x080027a1   Thumb Code     0  printfa.o(i.__0vsprintf)
    __2vsprintf                              0x080027a1   Thumb Code     0  printfa.o(i.__0vsprintf)
    __c89vsprintf                            0x080027a1   Thumb Code     0  printfa.o(i.__0vsprintf)
    vsprintf                                 0x080027a1   Thumb Code     0  printfa.o(i.__0vsprintf)
    __scatterload_copy                       0x080027c5   Thumb Code    14  handlers.o(i.__scatterload_copy)
    __scatterload_null                       0x080027d3   Thumb Code     2  handlers.o(i.__scatterload_null)
    __scatterload_zeroinit                   0x080027d5   Thumb Code    14  handlers.o(i.__scatterload_zeroinit)
    agreementSend                            0x08003081   Thumb Code   232  udp.o(i.agreementSend)
    comparestr                               0x08003191   Thumb Code   850  usart2.o(i.comparestr)
    delay_init                               0x08003595   Thumb Code    76  delay.o(i.delay_init)
    delay_ms                                 0x080035f1   Thumb Code    66  delay.o(i.delay_ms)
    delay_osschedlock                        0x08003641   Thumb Code     8  delay.o(i.delay_osschedlock)
    delay_osschedunlock                      0x08003649   Thumb Code     8  delay.o(i.delay_osschedunlock)
    delay_ostimedly                          0x08003651   Thumb Code    12  delay.o(i.delay_ostimedly)
    delay_us                                 0x0800365d   Thumb Code    86  delay.o(i.delay_us)
    fputc                                    0x080036b9   Thumb Code    24  usart.o(i.fputc)
    getstr                                   0x080036d5   Thumb Code    48  usart2.o(i.getstr)
    getstring                                0x08003705   Thumb Code    32  usart2.o(i.getstring)
    initCom                                  0x08003729   Thumb Code    12  usart2.o(i.initCom)
    initUartBuff                             0x08003735   Thumb Code    28  usart2.o(i.initUartBuff)
    inputstr                                 0x08003751   Thumb Code    44  usart2.o(i.inputstr)
    isSign                                   0x0800377d   Thumb Code    54  udp.o(i.isSign)
    main                                     0x080037c5   Thumb Code    64  main.o(i.main)
    pulse_task                               0x08003811   Thumb Code    86  pulse.o(i.pulse_task)
    readLine                                 0x0800389d   Thumb Code   108  usart2.o(i.readLine)
    readbuf_task                             0x08003909   Thumb Code    70  taskreadbuf.o(i.readbuf_task)
    showsignal                               0x08003971   Thumb Code   140  oled.o(i.showsignal)
    start_task                               0x08003a01   Thumb Code    94  main.o(i.start_task)
    u2_OutCmd                                0x08003a91   Thumb Code    50  udp.o(i.u2_OutCmd)
    u2_printf                                0x08003ad5   Thumb Code    76  usart2.o(i.u2_printf)
    uart2_init                               0x08003b29   Thumb Code   154  usart2.o(i.uart2_init)
    uart_init                                0x08003bcd   Thumb Code   152  usart.o(i.uart_init)
    udpSendMsg                               0x08003c6d   Thumb Code    32  udp.o(i.udpSendMsg)
    Line                                     0x08003c94   Data           3  udp.o(.constdata)
    certain                                  0x08003c97   Data           1  udp.o(.constdata)
    AT                                       0x08003c98   Data           4  udp.o(.constdata)
    UDP                                      0x08003c9c   Data          42  udp.o(.constdata)
    connectOK                                0x08003cc6   Data          11  udp.o(.constdata)
    UDPSend                                  0x08003cd1   Data          15  udp.o(.constdata)
    SendFlag                                 0x08003ce0   Data           3  udp.o(.constdata)
    SendResult                               0x08003ce3   Data           8  udp.o(.constdata)
    UDPClose                                 0x08003ceb   Data          13  udp.o(.constdata)
    CloseResult                              0x08003cf8   Data           9  udp.o(.constdata)
    OK                                       0x08003d01   Data           3  udp.o(.constdata)
    Error                                    0x08003d04   Data           6  udp.o(.constdata)
    AConnect                                 0x08003d0a   Data          16  udp.o(.constdata)
    ATCREG                                   0x08003d1a   Data          10  udp.o(.constdata)
    CREGResult                               0x08003d24   Data          11  udp.o(.constdata)
    RecServer                                0x08003d2f   Data          12  udp.o(.constdata)
    Restart                                  0x08003d3b   Data          13  udp.o(.constdata)
    head                                     0x08003d48   Data           3  udp.o(.constdata)
    tail                                     0x08003d4b   Data           3  udp.o(.constdata)
    OSUnMapTbl                               0x08003d4e   Data         256  os_core.o(.constdata)
    datahead                                 0x08003e4e   Data           6  agreement.o(.constdata)
    datatail                                 0x08003e54   Data           6  agreement.o(.constdata)
    agreement                                0x08003e5a   Data          33  agreement.o(.constdata)
    Region$$Table$$Base                      0x08003e7c   Number         0  anon$$obj.o(Region$$Table)
    Region$$Table$$Limit                     0x08003e9c   Number         0  anon$$obj.o(Region$$Table)
    SystemCoreClock                          0x20000000   Data           4  system_stm32f10x.o(.data)
    AHBPrescTable                            0x20000004   Data          16  system_stm32f10x.o(.data)
    Com                                      0x20000014   Data           4  udp.o(.data)
    AT_CMD                                   0x20000018   Data           2  udp.o(.data)
    CIPSTART_CMD                             0x2000001a   Data           2  udp.o(.data)
    CIPSEND_CMD                              0x2000001c   Data           2  udp.o(.data)
    CIPCLOSE_CMD                             0x2000001e   Data           2  udp.o(.data)
    CREG_CMD                                 0x20000020   Data           2  udp.o(.data)
    SendResult_CMD                           0x20000022   Data           2  udp.o(.data)
    readBuf                                  0x20000028   Data           4  sem.o(.data)
    Hzk                                      0x2000002c   Data         128  oled.o(.data)
    signal                                   0x200000ac   Data           4  oled.o(.data)
    __stdout                                 0x200000b4   Data           4  usart.o(.data)
    USART_RX_STA                             0x200000b8   Data           2  usart.o(.data)
    OSCtxSwCtr                               0x200000d0   Data           4  os_core.o(.data)
    OSEventFreeList                          0x200000d4   Data           4  os_core.o(.data)
    OSFlagFreeList                           0x200000d8   Data           4  os_core.o(.data)
    OSCPUUsage                               0x200000dc   Data           1  os_core.o(.data)
    OSIdleCtrMax                             0x200000e0   Data           4  os_core.o(.data)
    OSIdleCtrRun                             0x200000e4   Data           4  os_core.o(.data)
    OSStatRdy                                0x200000e8   Data           1  os_core.o(.data)
    OSIntNesting                             0x200000e9   Data           1  os_core.o(.data)
    OSLockNesting                            0x200000ea   Data           1  os_core.o(.data)
    OSPrioCur                                0x200000eb   Data           1  os_core.o(.data)
    OSPrioHighRdy                            0x200000ec   Data           1  os_core.o(.data)
    OSRdyGrp                                 0x200000ed   Data           1  os_core.o(.data)
    OSRdyTbl                                 0x200000ee   Data           8  os_core.o(.data)
    OSRunning                                0x200000f6   Data           1  os_core.o(.data)
    OSTaskCtr                                0x200000f7   Data           1  os_core.o(.data)
    OSIdleCtr                                0x200000f8   Data           4  os_core.o(.data)
    OSTCBCur                                 0x200000fc   Data           4  os_core.o(.data)
    OSTCBFreeList                            0x20000100   Data           4  os_core.o(.data)
    OSTCBHighRdy                             0x20000104   Data           4  os_core.o(.data)
    OSTCBList                                0x20000108   Data           4  os_core.o(.data)
    OSTickStepState                          0x2000010c   Data           1  os_core.o(.data)
    OSQFreeList                              0x20000110   Data           4  os_core.o(.data)
    OSTime                                   0x20000114   Data           4  os_core.o(.data)
    times_mai                                0x20000118   Data           4  timer.o(.data)
    waterType                                0x2000011c   Data           1  agreement.o(.data)
    switchstatus                             0x2000011d   Data           1  agreement.o(.data)
    randomcode                               0x2000011e   Data           2  agreement.o(.data)
    cardNum                                  0x20000120   Data           4  agreement.o(.data)
    money                                    0x20000124   Data           4  agreement.o(.data)
    unitprice                                0x20000128   Data           4  agreement.o(.data)
    pulseTotal                               0x2000012c   Data           2  agreement.o(.data)
    everyL                                   0x2000012e   Data           1  agreement.o(.data)
    sendTimes                                0x20000130   Data           2  agreement.o(.data)
    CRC_checkout                             0x20000132   Data           1  agreement.o(.data)
    RecTail                                  0x20000133   Data           2  agreement.o(.data)
    START_TASK_STK                           0x20000138   Data         256  main.o(.bss)
    HC_SR501_TASK_STK                        0x20000238   Data         256  main.o(.bss)
    DHT11_TASK_STK                           0x20000338   Data         256  main.o(.bss)
    DRIVE_TASK_STK                           0x20000438   Data         256  main.o(.bss)
    UART_SEND_TASK_STK                       0x20000538   Data         256  main.o(.bss)
    Key_TASK_STK                             0x20000638   Data         256  main.o(.bss)
    MsgGrp                                   0x20000738   Data         400  main.o(.bss)
    SendBuff                                 0x200008c8   Data          20  main.o(.bss)
    read                                     0x200008dc   Data         200  udp.o(.bss)
    USART2_TX_BUF                            0x200009a8   Data         200  usart2.o(.bss)
    USART2_RX_BUF                            0x20000a70   Data         200  usart2.o(.bss)
    Buf                                      0x20000b38   Data         208  usart2.o(.bss)
    OSEventTbl                               0x20000c08   Data         200  os_core.o(.bss)
    OSFlagTbl                                0x20000cd0   Data          80  os_core.o(.bss)
    OSTaskStatStk                            0x20000d20   Data         512  os_core.o(.bss)
    OSTaskIdleStk                            0x20000f20   Data         512  os_core.o(.bss)
    OSTCBPrioTbl                             0x20001120   Data         256  os_core.o(.bss)
    OSTCBTbl                                 0x20001220   Data        1008  os_core.o(.bss)
    OSQTbl                                   0x20001610   Data         120  os_core.o(.bss)
    pulse_TASK_STK                           0x20001688   Data        1024  pulse.o(.bss)
    readbuf_TASK_STK                         0x20001a88   Data        1024  taskreadbuf.o(.bss)
    OLED_TASK_STK                            0x20001e88   Data         256  taskoled.o(.bss)
    __initial_sp                             0x20002388   Data           0  startup_stm32f10x_hd.o(STACK)
    mem2base                                 0x68000000   Data       983040  malloc.o(.ARM.__AT_0x68000000)
    mem2mapbase                              0x680f0000   Data       61440  malloc.o(.ARM.__AT_0x680F0000)



==============================================================================

Memory Map of the image

  Image Entry point : 0x08000145

  Load Region LR_1 (Base: 0x08000000, Size: 0x00003fd4, Max: 0xffffffff, ABSOLUTE, COMPRESSED[0x00003f2c])

    Execution Region ER_RO (Base: 0x08000000, Size: 0x00003e9c, Max: 0xffffffff, ABSOLUTE)

    Base Addr    Size         Type   Attr      Idx    E Section Name        Object

    0x08000000   0x00000130   Data   RO          873    RESET               startup_stm32f10x_hd.o
    0x08000130   0x00000000   Code   RO         3050  * .ARM.Collect$$$$00000000  mc_w.l(entry.o)
    0x08000130   0x00000004   Code   RO         3326    .ARM.Collect$$$$00000001  mc_w.l(entry2.o)
    0x08000134   0x00000004   Code   RO         3329    .ARM.Collect$$$$00000004  mc_w.l(entry5.o)
    0x08000138   0x00000000   Code   RO         3331    .ARM.Collect$$$$00000008  mc_w.l(entry7b.o)
    0x08000138   0x00000000   Code   RO         3333    .ARM.Collect$$$$0000000A  mc_w.l(entry8b.o)
    0x08000138   0x00000008   Code   RO         3334    .ARM.Collect$$$$0000000B  mc_w.l(entry9a.o)
    0x08000140   0x00000000   Code   RO         3336    .ARM.Collect$$$$0000000D  mc_w.l(entry10a.o)
    0x08000140   0x00000000   Code   RO         3338    .ARM.Collect$$$$0000000F  mc_w.l(entry11a.o)
    0x08000140   0x00000004   Code   RO         3327    .ARM.Collect$$$$00002712  mc_w.l(entry2.o)
    0x08000144   0x00000024   Code   RO          874  * .text               startup_stm32f10x_hd.o
    0x08000168   0x000000b4   Code   RO         2740    .text               os_cpu_a.o
    0x0800021c   0x00000024   Code   RO         3055    .text               mc_w.l(memseta.o)
    0x08000240   0x0000000e   Code   RO         3057    .text               mc_w.l(strlen.o)
    0x0800024e   0x0000001c   Code   RO         3059    .text               mc_w.l(strcmp.o)
    0x0800026a   0x00000026   Code   RO         3324    .text               mf_w.l(f2d.o)
    0x08000290   0x0000002c   Code   RO         3340    .text               mc_w.l(uidiv.o)
    0x080002bc   0x00000062   Code   RO         3342    .text               mc_w.l(uldiv.o)
    0x0800031e   0x00000000   Code   RO         3344    .text               mc_w.l(iusefp.o)
    0x0800031e   0x0000014e   Code   RO         3345    .text               mf_w.l(dadd.o)
    0x0800046c   0x000000e4   Code   RO         3347    .text               mf_w.l(dmul.o)
    0x08000550   0x000000de   Code   RO         3349    .text               mf_w.l(ddiv.o)
    0x0800062e   0x00000030   Code   RO         3351    .text               mf_w.l(dfixul.o)
    0x0800065e   0x00000002   PAD
    0x08000660   0x00000030   Code   RO         3353    .text               mf_w.l(cdrcmple.o)
    0x08000690   0x00000024   Code   RO         3355    .text               mc_w.l(init.o)
    0x080006b4   0x0000001e   Code   RO         3357    .text               mc_w.l(llshl.o)
    0x080006d2   0x00000020   Code   RO         3359    .text               mc_w.l(llushr.o)
    0x080006f2   0x00000024   Code   RO         3361    .text               mc_w.l(llsshr.o)
    0x08000716   0x000000ba   Code   RO         3363    .text               mf_w.l(depilogue.o)
    0x080007d0   0x00000056   Code   RO         3373    .text               mc_w.l(__dczerorl2.o)
    0x08000826   0x00000018   Code   RO          440    i.BCC_CheckOut      checkway.o
    0x0800083e   0x00000004   Code   RO          230    i.BusFault_Handler  stm32f10x_it.o
    0x08000842   0x00000002   Code   RO          231    i.DebugMon_Handler  stm32f10x_it.o
    0x08000844   0x00000020   Code   RO         2917    i.EXTI9_5_IRQHandler  timer.o
    0x08000864   0x00000024   Code   RO         2918    i.EXTIIO_Init       timer.o
    0x08000888   0x00000052   Code   RO         2919    i.EXTIX_Init        timer.o
    0x080008da   0x00000002   PAD
    0x080008dc   0x0000000c   Code   RO         1505    i.EXTI_ClearITPendingBit  stm32f10x_exti.o
    0x080008e8   0x00000028   Code   RO         1509    i.EXTI_GetITStatus  stm32f10x_exti.o
    0x08000910   0x00000094   Code   RO         1510    i.EXTI_Init         stm32f10x_exti.o
    0x080009a4   0x00000040   Code   RO          917    i.GPIO_EXTILineConfig  stm32f10x_gpio.o
    0x080009e4   0x00000116   Code   RO          920    i.GPIO_Init         stm32f10x_gpio.o
    0x08000afa   0x00000004   Code   RO          927    i.GPIO_ResetBits    stm32f10x_gpio.o
    0x08000afe   0x00000004   Code   RO          928    i.GPIO_SetBits      stm32f10x_gpio.o
    0x08000b02   0x00000004   Code   RO          232    i.HardFault_Handler  stm32f10x_it.o
    0x08000b06   0x00000002   PAD
    0x08000b08   0x00000030   Code   RO          454    i.IIC_Start         oled.o
    0x08000b38   0x00000028   Code   RO          455    i.IIC_Stop          oled.o
    0x08000b60   0x0000001c   Code   RO          456    i.IIC_Wait_Ack      oled.o
    0x08000b7c   0x00000004   Code   RO          233    i.MemManage_Handler  stm32f10x_it.o
    0x08000b80   0x0000035c   Code   RO          747    i.Myagreement       usart2.o
    0x08000edc   0x00000002   Code   RO          234    i.NMI_Handler       stm32f10x_it.o
    0x08000ede   0x00000002   PAD
    0x08000ee0   0x00000070   Code   RO          878    i.NVIC_Init         misc.o
    0x08000f50   0x00000014   Code   RO          879    i.NVIC_PriorityGroupConfig  misc.o
    0x08000f64   0x0000003e   Code   RO          457    i.OLED_Clear        oled.o
    0x08000fa2   0x00000002   PAD
    0x08000fa4   0x000000e8   Code   RO          461    i.OLED_Init         oled.o
    0x0800108c   0x00000028   Code   RO          463    i.OLED_Set_Pos      oled.o
    0x080010b4   0x00000068   Code   RO          464    i.OLED_ShowCHinese  oled.o
    0x0800111c   0x00000018   Code   RO          468    i.OLED_WR_Byte      oled.o
    0x08001134   0x00000064   Code   RO         3031    i.OLED_task         taskoled.o
    0x08001198   0x0000002c   Code   RO         2106    i.OSInit            os_core.o
    0x080011c4   0x00000002   Code   RO         2743    i.OSInitHookBegin   os_cpu_c.o
    0x080011c6   0x00000002   Code   RO         2744    i.OSInitHookEnd     os_cpu_c.o
    0x080011c8   0x00000024   Code   RO         2107    i.OSIntEnter        os_core.o
    0x080011ec   0x00000090   Code   RO         2108    i.OSIntExit         os_core.o
    0x0800127c   0x00000040   Code   RO         2109    i.OSSchedLock       os_core.o
    0x080012bc   0x00000060   Code   RO         2110    i.OSSchedUnlock     os_core.o
    0x0800131c   0x0000004c   Code   RO         2549    i.OSSemCreate       os_sem.o
    0x08001368   0x000000ec   Code   RO         2551    i.OSSemPend         os_sem.o
    0x08001454   0x00000058   Code   RO         2553    i.OSSemPost         os_sem.o
    0x080014ac   0x00000048   Code   RO         2111    i.OSStart           os_core.o
    0x080014f4   0x00000002   Code   RO         2745    i.OSTCBInitHook     os_cpu_c.o
    0x080014f6   0x00000002   PAD
    0x080014f8   0x000000a0   Code   RO         2603    i.OSTaskCreate      os_task.o
    0x08001598   0x000000b8   Code   RO         2604    i.OSTaskCreateExt   os_task.o
    0x08001650   0x00000002   Code   RO         2746    i.OSTaskCreateHook  os_cpu_c.o
    0x08001652   0x00000002   Code   RO         2748    i.OSTaskIdleHook    os_cpu_c.o
    0x08001654   0x00000070   Code   RO         2608    i.OSTaskNameSet     os_task.o
    0x080016c4   0x00000002   Code   RO         2750    i.OSTaskStatHook    os_cpu_c.o
    0x080016c6   0x00000002   PAD
    0x080016c8   0x0000008c   Code   RO         2613    i.OSTaskStkChk      os_task.o
    0x08001754   0x0000009a   Code   RO         2751    i.OSTaskStkInit     os_cpu_c.o
    0x080017ee   0x00000002   PAD
    0x080017f0   0x000000a8   Code   RO         2614    i.OSTaskSuspend     os_task.o
    0x08001898   0x00000002   Code   RO         2752    i.OSTaskSwHook      os_cpu_c.o
    0x0800189a   0x00000002   PAD
    0x0800189c   0x00000078   Code   RO         2698    i.OSTimeDly         os_time.o
    0x08001914   0x00000060   Code   RO         2699    i.OSTimeDlyHMSM     os_time.o
    0x08001974   0x000000ec   Code   RO         2113    i.OSTimeTick        os_core.o
    0x08001a60   0x00000002   Code   RO         2753    i.OSTimeTickHook    os_cpu_c.o
    0x08001a62   0x00000002   PAD
    0x08001a64   0x00000084   Code   RO         2116    i.OS_EventTaskRdy   os_core.o
    0x08001ae8   0x0000002a   Code   RO         2117    i.OS_EventTaskRemove  os_core.o
    0x08001b12   0x00000002   PAD
    0x08001b14   0x0000007c   Code   RO         2118    i.OS_EventTaskWait  os_core.o
    0x08001b90   0x0000001c   Code   RO         2119    i.OS_EventWaitListInit  os_core.o
    0x08001bac   0x00000058   Code   RO         2297    i.OS_FlagInit       os_flag.o
    0x08001c04   0x00000054   Code   RO         2120    i.OS_InitEventList  os_core.o
    0x08001c58   0x00000054   Code   RO         2121    i.OS_InitMisc       os_core.o
    0x08001cac   0x00000044   Code   RO         2122    i.OS_InitRdyList    os_core.o
    0x08001cf0   0x00000080   Code   RO         2123    i.OS_InitTCBList    os_core.o
    0x08001d70   0x00000050   Code   RO         2124    i.OS_InitTaskIdle   os_core.o
    0x08001dc0   0x00000050   Code   RO         2125    i.OS_InitTaskStat   os_core.o
    0x08001e10   0x00000012   Code   RO         2126    i.OS_MemClr         os_core.o
    0x08001e22   0x00000002   PAD
    0x08001e24   0x00000050   Code   RO         2486    i.OS_QInit          os_q.o
    0x08001e74   0x00000074   Code   RO         2128    i.OS_Sched          os_core.o
    0x08001ee8   0x0000002c   Code   RO         2129    i.OS_SchedNew       os_core.o
    0x08001f14   0x00000134   Code   RO         2131    i.OS_TCBInit        os_core.o
    0x08002048   0x00000028   Code   RO         2132    i.OS_TaskIdle       os_core.o
    0x08002070   0x00000088   Code   RO         2133    i.OS_TaskStat       os_core.o
    0x080020f8   0x0000003c   Code   RO         2134    i.OS_TaskStatStkChk  os_core.o
    0x08002134   0x0000001a   Code   RO         2616    i.OS_TaskStkClr     os_task.o
    0x0800214e   0x00000002   PAD
    0x08002150   0x00000020   Code   RO         1054    i.RCC_APB1PeriphClockCmd  stm32f10x_rcc.o
    0x08002170   0x00000020   Code   RO         1056    i.RCC_APB2PeriphClockCmd  stm32f10x_rcc.o
    0x08002190   0x000000d4   Code   RO         1064    i.RCC_GetClocksFreq  stm32f10x_rcc.o
    0x08002264   0x0000002e   Code   RO          362    i.ReadResponseTimeOut  udp.o
    0x08002292   0x00000002   Code   RO          235    i.SVC_Handler       stm32f10x_it.o
    0x08002294   0x00000008   Code   RO          307    i.SetSysClock       system_stm32f10x.o
    0x0800229c   0x000000e0   Code   RO          308    i.SetSysClockTo72   system_stm32f10x.o
    0x0800237c   0x00000028   Code   RO          882    i.SysTick_CLKSourceConfig  misc.o
    0x080023a4   0x0000001c   Code   RO          621    i.SysTick_Handler   delay.o
    0x080023c0   0x00000060   Code   RO          310    i.SystemInit        system_stm32f10x.o
    0x08002420   0x0000001c   Code   RO         2921    i.TIM1_UP_IRQHandler  timer.o
    0x0800243c   0x0000001c   Code   RO         2922    i.TIM3_IRQHandler   timer.o
    0x08002458   0x00000006   Code   RO         1569    i.TIM_ClearITPendingBit  stm32f10x_tim.o
    0x0800245e   0x00000022   Code   RO         1595    i.TIM_GetITStatus   stm32f10x_tim.o
    0x08002480   0x00000030   Code   RO          700    i.USART1_IRQHandler  usart.o
    0x080024b0   0x00000030   Code   RO          748    i.USART2_IRQHandler  usart2.o
    0x080024e0   0x00000018   Code   RO         1256    i.USART_Cmd         stm32f10x_usart.o
    0x080024f8   0x0000001a   Code   RO         1259    i.USART_GetFlagStatus  stm32f10x_usart.o
    0x08002512   0x00000054   Code   RO         1260    i.USART_GetITStatus  stm32f10x_usart.o
    0x08002566   0x0000004a   Code   RO         1262    i.USART_ITConfig    stm32f10x_usart.o
    0x080025b0   0x000000d8   Code   RO         1263    i.USART_Init        stm32f10x_usart.o
    0x08002688   0x0000000a   Code   RO         1270    i.USART_ReceiveData  stm32f10x_usart.o
    0x08002692   0x00000008   Code   RO         1273    i.USART_SendData    stm32f10x_usart.o
    0x0800269a   0x0000002c   Code   RO          701    i.UartSend          usart.o
    0x080026c6   0x00000004   Code   RO          236    i.UsageFault_Handler  stm32f10x_it.o
    0x080026ca   0x00000002   PAD
    0x080026cc   0x0000005c   Code   RO          469    i.Write_IIC_Byte    oled.o
    0x08002728   0x0000002c   Code   RO          470    i.Write_IIC_Command  oled.o
    0x08002754   0x0000002c   Code   RO          471    i.Write_IIC_Data    oled.o
    0x08002780   0x00000020   Code   RO         3296    i.__0printf         mc_w.l(printfa.o)
    0x080027a0   0x00000024   Code   RO         3302    i.__0vsprintf       mc_w.l(printfa.o)
    0x080027c4   0x0000000e   Code   RO         3367    i.__scatterload_copy  mc_w.l(handlers.o)
    0x080027d2   0x00000002   Code   RO         3368    i.__scatterload_null  mc_w.l(handlers.o)
    0x080027d4   0x0000000e   Code   RO         3369    i.__scatterload_zeroinit  mc_w.l(handlers.o)
    0x080027e2   0x00000002   PAD
    0x080027e4   0x00000164   Code   RO         3303    i._fp_digits        mc_w.l(printfa.o)
    0x08002948   0x000006dc   Code   RO         3304    i._printf_core      mc_w.l(printfa.o)
    0x08003024   0x00000024   Code   RO         3305    i._printf_post_padding  mc_w.l(printfa.o)
    0x08003048   0x0000002e   Code   RO         3306    i._printf_pre_padding  mc_w.l(printfa.o)
    0x08003076   0x0000000a   Code   RO         3308    i._sputc            mc_w.l(printfa.o)
    0x08003080   0x00000110   Code   RO          363    i.agreementSend     udp.o
    0x08003190   0x00000404   Code   RO          749    i.comparestr        usart2.o
    0x08003594   0x0000005c   Code   RO          622    i.delay_init        delay.o
    0x080035f0   0x00000050   Code   RO          623    i.delay_ms          delay.o
    0x08003640   0x00000008   Code   RO          624    i.delay_osschedlock  delay.o
    0x08003648   0x00000008   Code   RO          625    i.delay_osschedunlock  delay.o
    0x08003650   0x0000000c   Code   RO          626    i.delay_ostimedly   delay.o
    0x0800365c   0x0000005c   Code   RO          627    i.delay_us          delay.o
    0x080036b8   0x0000001c   Code   RO          703    i.fputc             usart.o
    0x080036d4   0x00000030   Code   RO          751    i.getstr            usart2.o
    0x08003704   0x00000024   Code   RO          752    i.getstring         usart2.o
    0x08003728   0x0000000c   Code   RO          753    i.initCom           usart2.o
    0x08003734   0x0000001c   Code   RO          754    i.initUartBuff      usart2.o
    0x08003750   0x0000002c   Code   RO          755    i.inputstr          usart2.o
    0x0800377c   0x00000048   Code   RO          365    i.isSign            udp.o
    0x080037c4   0x0000004c   Code   RO            6    i.main              main.o
    0x08003810   0x0000008c   Code   RO         2995    i.pulse_task        pulse.o
    0x0800389c   0x0000006c   Code   RO          756    i.readLine          usart2.o
    0x08003908   0x00000068   Code   RO         3013    i.readbuf_task      taskreadbuf.o
    0x08003970   0x00000090   Code   RO          474    i.showsignal        oled.o
    0x08003a00   0x00000090   Code   RO            7    i.start_task        main.o
    0x08003a90   0x00000044   Code   RO          366    i.u2_OutCmd         udp.o
    0x08003ad4   0x00000054   Code   RO          760    i.u2_printf         usart2.o
    0x08003b28   0x000000a4   Code   RO          761    i.uart2_init        usart2.o
    0x08003bcc   0x000000a0   Code   RO          704    i.uart_init         usart.o
    0x08003c6c   0x00000028   Code   RO          368    i.udpSendMsg        udp.o
    0x08003c94   0x000000ba   Data   RO          370    .constdata          udp.o
    0x08003d4e   0x00000100   Data   RO         2136    .constdata          os_core.o
    0x08003e4e   0x0000002d   Data   RO         2973    .constdata          agreement.o
    0x08003e7b   0x00000001   PAD
    0x08003e7c   0x00000020   Data   RO         3365    Region$$Table       anon$$obj.o


    Execution Region ER_RW (Base: 0x20000000, Size: 0x00000138, Max: 0xffffffff, ABSOLUTE, COMPRESSED[0x00000090])

    Base Addr    Size         Type   Attr      Idx    E Section Name        Object

    0x20000000   0x00000014   Data   RW          311    .data               system_stm32f10x.o
    0x20000014   0x00000012   Data   RW          371    .data               udp.o
    0x20000026   0x00000002   PAD
    0x20000028   0x00000004   Data   RW          428    .data               sem.o
    0x2000002c   0x00000084   Data   RW          476    .data               oled.o
    0x200000b0   0x00000004   Data   RW          628    .data               delay.o
    0x200000b4   0x00000006   Data   RW          706    .data               usart.o
    0x200000ba   0x00000014   Data   RW         1084    .data               stm32f10x_rcc.o
    0x200000ce   0x00000002   PAD
    0x200000d0   0x00000048   Data   RW         2137    .data               os_core.o
    0x20000118   0x00000004   Data   RW         2924    .data               timer.o
    0x2000011c   0x00000019   Data   RW         2974    .data               agreement.o
    0x20000135   0x00000001   Data   RW         3033    .data               taskoled.o


    Execution Region ER_ZI (Base: 0x20000138, Size: 0x00002250, Max: 0xffffffff, ABSOLUTE)

    Base Addr    Size         Type   Attr      Idx    E Section Name        Object

    0x20000138   0x000007a4   Zero   RW            8    .bss                main.o
    0x200008dc   0x000000c8   Zero   RW          369    .bss                udp.o
    0x200009a4   0x00000004   PAD
    0x200009a8   0x00000260   Zero   RW          762    .bss                usart2.o
    0x20000c08   0x00000a80   Zero   RW         2135    .bss                os_core.o
    0x20001688   0x00000400   Zero   RW         2996    .bss                pulse.o
    0x20001a88   0x00000400   Zero   RW         3014    .bss                taskreadbuf.o
    0x20001e88   0x00000100   Zero   RW         3032    .bss                taskoled.o
    0x20001f88   0x00000400   Zero   RW          871    STACK               startup_stm32f10x_hd.o



  Load Region LR$$.ARM.__AT_0x68000000 (Base: 0x68000000, Size: 0x00000000, Max: 0x000f0000, ABSOLUTE)

    Execution Region ER$$.ARM.__AT_0x68000000 (Base: 0x68000000, Size: 0x000f0000, Max: 0x000f0000, ABSOLUTE, UNINIT)

    Base Addr    Size         Type   Attr      Idx    E Section Name        Object

    0x68000000   0x000f0000   Zero   RW         2834    .ARM.__AT_0x68000000  malloc.o



  Load Region LR$$.ARM.__AT_0x680F0000 (Base: 0x680f0000, Size: 0x00000000, Max: 0x0000f000, ABSOLUTE)

    Execution Region ER$$.ARM.__AT_0x680F0000 (Base: 0x680f0000, Size: 0x0000f000, Max: 0x0000f000, ABSOLUTE, UNINIT)

    Base Addr    Size         Type   Attr      Idx    E Section Name        Object

    0x680f0000   0x0000f000   Zero   RW         2835    .ARM.__AT_0x680F0000  malloc.o


==============================================================================

Image component sizes


      Code (inc. data)   RO Data    RW Data    ZI Data      Debug   Object Name

         0          0         45         25          0       1136   agreement.o
        24          0          0          0          0        903   checkway.o
       320         40          0          4          0       3717   delay.o
       220         62          0          0       1956     268498   main.o
         0          0          0          0    1044480       1549   malloc.o
       172         22          0          0          0       2025   misc.o
       902         34          0        132          0       7275   oled.o
      2264        412        256         72       2688      21272   os_core.o
       180         36          0          0          0        316   os_cpu_a.o
       170          0          0          0          0      12671   os_cpu_c.o
        88         14          0          0          0        582   os_flag.o
        80          8          0          0          0        551   os_q.o
       400         22          0          0          0       2338   os_sem.o
       790         64          0          0          0       5200   os_task.o
       216         30          0          0          0       1328   os_time.o
       140         54          0          0       1024       1054   pulse.o
         0          0          0          4          0        218   sem.o
        36          8        304          0       1024        776   startup_stm32f10x_hd.o
       200         18          0          0          0       2064   stm32f10x_exti.o
       350          4          0          0          0       3602   stm32f10x_gpio.o
        22          0          0          0          0       2827   stm32f10x_it.o
       276         32          0         20          0       4390   stm32f10x_rcc.o
        40          0          0          0          0       1714   stm32f10x_tim.o
       442          6          0          0          0       6045   stm32f10x_usart.o
         0          0          0          0          0         32   sys.o
       328         28          0         20          0       2045   system_stm32f10x.o
       100          4          0          1        256       1092   taskoled.o
       104         34          0          0       1024       1114   taskreadbuf.o
       206         20          0          4          0       2583   timer.o
       498         84        186         18        200       4547   udp.o
       280         20          0          6          0       4179   usart.o
      2460        470          0          0        608       9356   usart2.o

    ----------------------------------------------------------------------
     11334       1526        824        312    1053264     376999   Object Totals
         0          0         32          0          0          0   (incl. Generated)
        26          0          1          6          4          0   (incl. Padding)

    ----------------------------------------------------------------------

      Code (inc. data)   RO Data    RW Data    ZI Data      Debug   Library Member Name

        86          0          0          0          0          0   __dczerorl2.o
         0          0          0          0          0          0   entry.o
         0          0          0          0          0          0   entry10a.o
         0          0          0          0          0          0   entry11a.o
         8          4          0          0          0          0   entry2.o
         4          0          0          0          0          0   entry5.o
         0          0          0          0          0          0   entry7b.o
         0          0          0          0          0          0   entry8b.o
         8          4          0          0          0          0   entry9a.o
        30          0          0          0          0          0   handlers.o
        36          8          0          0          0         68   init.o
         0          0          0          0          0          0   iusefp.o
        30          0          0          0          0         68   llshl.o
        36          0          0          0          0         68   llsshr.o
        32          0          0          0          0         68   llushr.o
        36          0          0          0          0        108   memseta.o
      2272         96          0          0          0        592   printfa.o
        28          0          0          0          0         76   strcmp.o
        14          0          0          0          0         68   strlen.o
        44          0          0          0          0         80   uidiv.o
        98          0          0          0          0         92   uldiv.o
        48          0          0          0          0         68   cdrcmple.o
       334          0          0          0          0        148   dadd.o
       222          0          0          0          0        100   ddiv.o
       186          0          0          0          0        176   depilogue.o
        48          0          0          0          0         68   dfixul.o
       228          0          0          0          0         96   dmul.o
        38          0          0          0          0         68   f2d.o

    ----------------------------------------------------------------------
      3870        112          0          0          0       2012   Library Totals
         4          0          0          0          0          0   (incl. Padding)

    ----------------------------------------------------------------------

      Code (inc. data)   RO Data    RW Data    ZI Data      Debug   Library Name

      2762        112          0          0          0       1288   mc_w.l
      1104          0          0          0          0        724   mf_w.l

    ----------------------------------------------------------------------
      3870        112          0          0          0       2012   Library Totals

    ----------------------------------------------------------------------

==============================================================================


      Code (inc. data)   RO Data    RW Data    ZI Data      Debug   

     15204       1638        824        312    1053264     371755   Grand Totals
     15204       1638        824        144    1053264     371755   ELF Image Totals (compressed)
     15204       1638        824        144          0          0   ROM Totals

==============================================================================

    Total RO  Size (Code + RO Data)                16028 (  15.65kB)
    Total RW  Size (RW Data + ZI Data)           1053576 (1028.88kB)
    Total ROM Size (Code + RO Data + RW Data)      16172 (  15.79kB)

==============================================================================

